Archive member included to satisfy reference by file (symbol)

d:/app/stm32cubeide_1.7.0/stm32cubeide/plugins/com.st.stm32cube.ide.mcu.externaltools.gnu-tools-for-stm32.9-2020-q2-update.win32_2.0.0.202105311346/tools/bin/../lib/gcc/arm-none-eabi/9.3.1/../../../../arm-none-eabi/lib/thumb/v7-m/nofp\libc_nano.a(lib_a-errno.o)
                              ./Core/Src/syscalls.o (__errno)
d:/app/stm32cubeide_1.7.0/stm32cubeide/plugins/com.st.stm32cube.ide.mcu.externaltools.gnu-tools-for-stm32.9-2020-q2-update.win32_2.0.0.202105311346/tools/bin/../lib/gcc/arm-none-eabi/9.3.1/../../../../arm-none-eabi/lib/thumb/v7-m/nofp\libc_nano.a(lib_a-exit.o)
                              d:/app/stm32cubeide_1.7.0/stm32cubeide/plugins/com.st.stm32cube.ide.mcu.externaltools.gnu-tools-for-stm32.9-2020-q2-update.win32_2.0.0.202105311346/tools/bin/../lib/gcc/arm-none-eabi/9.3.1/../../../../arm-none-eabi/lib/thumb/v7-m/nofp/crt0.o (exit)
d:/app/stm32cubeide_1.7.0/stm32cubeide/plugins/com.st.stm32cube.ide.mcu.externaltools.gnu-tools-for-stm32.9-2020-q2-update.win32_2.0.0.202105311346/tools/bin/../lib/gcc/arm-none-eabi/9.3.1/../../../../arm-none-eabi/lib/thumb/v7-m/nofp\libc_nano.a(lib_a-impure.o)
                              d:/app/stm32cubeide_1.7.0/stm32cubeide/plugins/com.st.stm32cube.ide.mcu.externaltools.gnu-tools-for-stm32.9-2020-q2-update.win32_2.0.0.202105311346/tools/bin/../lib/gcc/arm-none-eabi/9.3.1/../../../../arm-none-eabi/lib/thumb/v7-m/nofp\libc_nano.a(lib_a-exit.o) (_global_impure_ptr)
d:/app/stm32cubeide_1.7.0/stm32cubeide/plugins/com.st.stm32cube.ide.mcu.externaltools.gnu-tools-for-stm32.9-2020-q2-update.win32_2.0.0.202105311346/tools/bin/../lib/gcc/arm-none-eabi/9.3.1/../../../../arm-none-eabi/lib/thumb/v7-m/nofp\libc_nano.a(lib_a-init.o)
                              d:/app/stm32cubeide_1.7.0/stm32cubeide/plugins/com.st.stm32cube.ide.mcu.externaltools.gnu-tools-for-stm32.9-2020-q2-update.win32_2.0.0.202105311346/tools/bin/../lib/gcc/arm-none-eabi/9.3.1/../../../../arm-none-eabi/lib/thumb/v7-m/nofp/crt0.o (__libc_init_array)
d:/app/stm32cubeide_1.7.0/stm32cubeide/plugins/com.st.stm32cube.ide.mcu.externaltools.gnu-tools-for-stm32.9-2020-q2-update.win32_2.0.0.202105311346/tools/bin/../lib/gcc/arm-none-eabi/9.3.1/../../../../arm-none-eabi/lib/thumb/v7-m/nofp\libc_nano.a(lib_a-memset.o)
                              d:/app/stm32cubeide_1.7.0/stm32cubeide/plugins/com.st.stm32cube.ide.mcu.externaltools.gnu-tools-for-stm32.9-2020-q2-update.win32_2.0.0.202105311346/tools/bin/../lib/gcc/arm-none-eabi/9.3.1/../../../../arm-none-eabi/lib/thumb/v7-m/nofp/crt0.o (memset)
d:/app/stm32cubeide_1.7.0/stm32cubeide/plugins/com.st.stm32cube.ide.mcu.externaltools.gnu-tools-for-stm32.9-2020-q2-update.win32_2.0.0.202105311346/tools/bin/../lib/gcc/arm-none-eabi/9.3.1/../../../../arm-none-eabi/lib/thumb/v7-m/nofp\libc_nano.a(lib_a-sprintf.o)
                              ./Core/Src/SCH_Task.o (sprintf)
d:/app/stm32cubeide_1.7.0/stm32cubeide/plugins/com.st.stm32cube.ide.mcu.externaltools.gnu-tools-for-stm32.9-2020-q2-update.win32_2.0.0.202105311346/tools/bin/../lib/gcc/arm-none-eabi/9.3.1/../../../../arm-none-eabi/lib/thumb/v7-m/nofp\libc_nano.a(lib_a-strcmp.o)
                              ./Core/Src/SCH_Task.o (strcmp)
d:/app/stm32cubeide_1.7.0/stm32cubeide/plugins/com.st.stm32cube.ide.mcu.externaltools.gnu-tools-for-stm32.9-2020-q2-update.win32_2.0.0.202105311346/tools/bin/../lib/gcc/arm-none-eabi/9.3.1/../../../../arm-none-eabi/lib/thumb/v7-m/nofp\libc_nano.a(lib_a-nano-svfprintf.o)
                              d:/app/stm32cubeide_1.7.0/stm32cubeide/plugins/com.st.stm32cube.ide.mcu.externaltools.gnu-tools-for-stm32.9-2020-q2-update.win32_2.0.0.202105311346/tools/bin/../lib/gcc/arm-none-eabi/9.3.1/../../../../arm-none-eabi/lib/thumb/v7-m/nofp\libc_nano.a(lib_a-sprintf.o) (_svfprintf_r)
d:/app/stm32cubeide_1.7.0/stm32cubeide/plugins/com.st.stm32cube.ide.mcu.externaltools.gnu-tools-for-stm32.9-2020-q2-update.win32_2.0.0.202105311346/tools/bin/../lib/gcc/arm-none-eabi/9.3.1/../../../../arm-none-eabi/lib/thumb/v7-m/nofp\libc_nano.a(lib_a-nano-vfprintf_i.o)
                              d:/app/stm32cubeide_1.7.0/stm32cubeide/plugins/com.st.stm32cube.ide.mcu.externaltools.gnu-tools-for-stm32.9-2020-q2-update.win32_2.0.0.202105311346/tools/bin/../lib/gcc/arm-none-eabi/9.3.1/../../../../arm-none-eabi/lib/thumb/v7-m/nofp\libc_nano.a(lib_a-nano-svfprintf.o) (_printf_i)
d:/app/stm32cubeide_1.7.0/stm32cubeide/plugins/com.st.stm32cube.ide.mcu.externaltools.gnu-tools-for-stm32.9-2020-q2-update.win32_2.0.0.202105311346/tools/bin/../lib/gcc/arm-none-eabi/9.3.1/../../../../arm-none-eabi/lib/thumb/v7-m/nofp\libc_nano.a(lib_a-memchr-stub.o)
                              d:/app/stm32cubeide_1.7.0/stm32cubeide/plugins/com.st.stm32cube.ide.mcu.externaltools.gnu-tools-for-stm32.9-2020-q2-update.win32_2.0.0.202105311346/tools/bin/../lib/gcc/arm-none-eabi/9.3.1/../../../../arm-none-eabi/lib/thumb/v7-m/nofp\libc_nano.a(lib_a-nano-svfprintf.o) (memchr)
[...]
Memory Configuration

Name             Origin             Length             Attributes
RAM              0x0000000020000000 0x0000000000005000 xrw
FLASH            0x0000000008000000 0x0000000000020000 xr
*default*        0x0000000000000000 0xffffffffffffffff

Linker script and memory map

LOAD d:/app/stm32cubeide_1.7.0/stm32cubeide/plugins/com.st.stm32cube.ide.mcu.externaltools.gnu-tools-for-stm32.9-2020-q2-update.win32_2.0.0.202105311346/tools/bin/../lib/gcc/arm-none-eabi/9.3.1/thumb/v7-m/nofp/crti.o
LOAD d:/app/stm32cubeide_1.7.0/stm32cubeide/plugins/com.st.stm32cube.ide.mcu.externaltools.gnu-tools-for-stm32.9-2020-q2-update.win32_2.0.0.202105311346/tools/bin/../lib/gcc/arm-none-eabi/9.3.1/thumb/v7-m/nofp/crtbegin.o
LOAD d:/app/stm32cubeide_1.7.0/stm32cubeide/plugins/com.st.stm32cube.ide.mcu.externaltools.gnu-tools-for-stm32.9-2020-q2-update.win32_2.0.0.202105311346/tools/bin/../lib/gcc/arm-none-eabi/9.3.1/../../../../arm-none-eabi/lib/thumb/v7-m/nofp/crt0.o
LOAD ./Core/Src/LCD_I2C.o
LOAD ./Core/Src/SCH_Task.o
LOAD ./Core/Src/Scheduler.o
LOAD ./Core/Src/fsm_input_driven.o
LOAD ./Core/Src/fsm_run.o
LOAD ./Core/Src/global.o
LOAD ./Core/Src/input_reading.o
LOAD ./Core/Src/main.o
LOAD ./Core/Src/stm32f1xx_hal_msp.o
LOAD ./Core/Src/stm32f1xx_it.o
LOAD ./Core/Src/syscalls.o
LOAD ./Core/Src/sysmem.o
LOAD ./Core/Src/system_stm32f1xx.o
LOAD ./Core/Src/traffic_light.o
LOAD ./Core/Startup/startup_stm32f103rbtx.o
LOAD ./Drivers/STM32F1xx_HAL_Driver/Src/stm32f1xx_hal.o
LOAD ./Drivers/STM32F1xx_HAL_Driver/Src/stm32f1xx_hal_cortex.o
LOAD ./Drivers/STM32F1xx_HAL_Driver/Src/stm32f1xx_hal_dma.o
LOAD ./Drivers/STM32F1xx_HAL_Driver/Src/stm32f1xx_hal_exti.o
LOAD ./Drivers/STM32F1xx_HAL_Driver/Src/stm32f1xx_hal_flash.o
LOAD ./Drivers/STM32F1xx_HAL_Driver/Src/stm32f1xx_hal_flash_ex.o
LOAD ./Drivers/STM32F1xx_HAL_Driver/Src/stm32f1xx_hal_gpio.o
LOAD ./Drivers/STM32F1xx_HAL_Driver/Src/stm32f1xx_hal_gpio_ex.o
LOAD ./Drivers/STM32F1xx_HAL_Driver/Src/stm32f1xx_hal_i2c.o
LOAD ./Drivers/STM32F1xx_HAL_Driver/Src/stm32f1xx_hal_iwdg.o
LOAD ./Drivers/STM32F1xx_HAL_Driver/Src/stm32f1xx_hal_pwr.o
LOAD ./Drivers/STM32F1xx_HAL_Driver/Src/stm32f1xx_hal_rcc.o
LOAD ./Drivers/STM32F1xx_HAL_Driver/Src/stm32f1xx_hal_rcc_ex.o
LOAD ./Drivers/STM32F1xx_HAL_Driver/Src/stm32f1xx_hal_tim.o
LOAD ./Drivers/STM32F1xx_HAL_Driver/Src/stm32f1xx_hal_tim_ex.o
START GROUP
LOAD d:/app/stm32cubeide_1.7.0/stm32cubeide/plugins/com.st.stm32cube.ide.mcu.externaltools.gnu-tools-for-stm32.9-2020-q2-update.win32_2.0.0.202105311346/tools/bin/../lib/gcc/arm-none-eabi/9.3.1/../../../../arm-none-eabi/lib/thumb/v7-m/nofp\libc_nano.a
LOAD d:/app/stm32cubeide_1.7.0/stm32cubeide/plugins/com.st.stm32cube.ide.mcu.externaltools.gnu-tools-for-stm32.9-2020-q2-update.win32_2.0.0.202105311346/tools/bin/../lib/gcc/arm-none-eabi/9.3.1/../../../../arm-none-eabi/lib/thumb/v7-m/nofp\libm.a
END GROUP
START GROUP
LOAD d:/app/stm32cubeide_1.7.0/stm32cubeide/plugins/com.st.stm32cube.ide.mcu.externaltools.gnu-tools-for-stm32.9-2020-q2-update.win32_2.0.0.202105311346/tools/bin/../lib/gcc/arm-none-eabi/9.3.1/thumb/v7-m/nofp\libgcc.a
LOAD d:/app/stm32cubeide_1.7.0/stm32cubeide/plugins/com.st.stm32cube.ide.mcu.externaltools.gnu-tools-for-stm32.9-2020-q2-update.win32_2.0.0.202105311346/tools/bin/../lib/gcc/arm-none-eabi/9.3.1/../../../../arm-none-eabi/lib/thumb/v7-m/nofp\libc_nano.a
END GROUP
START GROUP
LOAD d:/app/stm32cubeide_1.7.0/stm32cubeide/plugins/com.st.stm32cube.ide.mcu.externaltools.gnu-tools-for-stm32.9-2020-q2-update.win32_2.0.0.202105311346/tools/bin/../lib/gcc/arm-none-eabi/9.3.1/thumb/v7-m/nofp\libgcc.a
LOAD d:/app/stm32cubeide_1.7.0/stm32cubeide/plugins/com.st.stm32cube.ide.mcu.externaltools.gnu-tools-for-stm32.9-2020-q2-update.win32_2.0.0.202105311346/tools/bin/../lib/gcc/arm-none-eabi/9.3.1/../../../../arm-none-eabi/lib/thumb/v7-m/nofp\libc_nano.a
LOAD d:/app/stm32cubeide_1.7.0/stm32cubeide/plugins/com.st.stm32cube.ide.mcu.externaltools.gnu-tools-for-stm32.9-2020-q2-update.win32_2.0.0.202105311346/tools/bin/../lib/gcc/arm-none-eabi/9.3.1/../../../../arm-none-eabi/lib/thumb/v7-m/nofp\libnosys.a
END GROUP
START GROUP
LOAD d:/app/stm32cubeide_1.7.0/stm32cubeide/plugins/com.st.stm32cube.ide.mcu.externaltools.gnu-tools-for-stm32.9-2020-q2-update.win32_2.0.0.202105311346/tools/bin/../lib/gcc/arm-none-eabi/9.3.1/thumb/v7-m/nofp\libgcc.a
LOAD d:/app/stm32cubeide_1.7.0/stm32cubeide/plugins/com.st.stm32cube.ide.mcu.externaltools.gnu-tools-for-stm32.9-2020-q2-update.win32_2.0.0.202105311346/tools/bin/../lib/gcc/arm-none-eabi/9.3.1/../../../../arm-none-eabi/lib/thumb/v7-m/nofp\libc_nano.a
LOAD d:/app/stm32cubeide_1.7.0/stm32cubeide/plugins/com.st.stm32cube.ide.mcu.externaltools.gnu-tools-for-stm32.9-2020-q2-update.win32_2.0.0.202105311346/tools/bin/../lib/gcc/arm-none-eabi/9.3.1/../../../../arm-none-eabi/lib/thumb/v7-m/nofp\libnosys.a
END GROUP
LOAD d:/app/stm32cubeide_1.7.0/stm32cubeide/plugins/com.st.stm32cube.ide.mcu.externaltools.gnu-tools-for-stm32.9-2020-q2-update.win32_2.0.0.202105311346/tools/bin/../lib/gcc/arm-none-eabi/9.3.1/thumb/v7-m/nofp/crtend.o
LOAD d:/app/stm32cubeide_1.7.0/stm32cubeide/plugins/com.st.stm32cube.ide.mcu.externaltools.gnu-tools-for-stm32.9-2020-q2-update.win32_2.0.0.202105311346/tools/bin/../lib/gcc/arm-none-eabi/9.3.1/thumb/v7-m/nofp/crtn.o
                0x0000000020005000                _estack = (ORIGIN (RAM) + LENGTH (RAM))
                0x0000000000000200                _Min_Heap_Size = 0x200
                0x0000000000000400                _Min_Stack_Size = 0x400

.isr_vector     0x0000000008000000      0x10c
                0x0000000008000000                . = ALIGN (0x4)
 *(.isr_vector)
 .isr_vector    0x0000000008000000      0x10c ./Core/Startup/startup_stm32f103rbtx.o
                0x0000000008000000                g_pfnVectors
                0x000000000800010c                . = ALIGN (0x4)

.text           0x000000000800010c     0x5cc4
                0x000000000800010c                . = ALIGN (0x4)
 *(.text)
 .text          0x000000000800010c       0x40 d:/app/stm32cubeide_1.7.0/stm32cubeide/plugins/com.st.stm32cube.ide.mcu.externaltools.gnu-tools-for-stm32.9-2020-q2-update.win32_2.0.0.202105311346/tools/bin/../lib/gcc/arm-none-eabi/9.3.1/thumb/v7-m/nofp/crtbegin.o
 .text          0x000000000800014c       0x14 d:/app/stm32cubeide_1.7.0/stm32cubeide/plugins/com.st.stm32cube.ide.mcu.externaltools.gnu-tools-for-stm32.9-2020-q2-update.win32_2.0.0.202105311346/tools/bin/../lib/gcc/arm-none-eabi/9.3.1/../../../../arm-none-eabi/lib/thumb/v7-m/nofp\libc_nano.a(lib_a-strcmp.o)
                0x000000000800014c                strcmp
 *(.text*)
 .text.lcd_send_cmd
                0x0000000008000160       0x60 ./Core/Src/LCD_I2C.o
                0x0000000008000160                lcd_send_cmd
 .text.lcd_send_data
                0x00000000080001c0       0x60 ./Core/Src/LCD_I2C.o
                0x00000000080001c0                lcd_send_data
 .text.lcd_init
                0x0000000008000220       0x5c ./Core/Src/LCD_I2C.o
                0x0000000008000220                lcd_init
 .text.lcd_send_string
                0x000000000800027c       0x2a ./Core/Src/LCD_I2C.o
                0x000000000800027c                lcd_send_string
 .text.lcd_clear_display
                0x00000000080002a6        0xe ./Core/Src/LCD_I2C.o
                0x00000000080002a6                lcd_clear_display
 .text.lcd_goto_XY
                0x00000000080002b4       0x38 ./Core/Src/LCD_I2C.o
                0x00000000080002b4                lcd_goto_XY
 .text.LedBlinky
                0x00000000080002ec       0x14 ./Core/Src/SCH_Task.o
                0x00000000080002ec                LedBlinky
 .text.timeCountDown
                0x0000000008000300       0x40 ./Core/Src/SCH_Task.o
                0x0000000008000300                timeCountDown
 .text.timeCountUpFast
                0x0000000008000340       0x30 ./Core/Src/SCH_Task.o
                0x0000000008000340                timeCountUpFast
 .text.timeCountDownFast
                0x0000000008000370       0x30 ./Core/Src/SCH_Task.o
                0x0000000008000370                timeCountDownFast
 .text.displayLCD
                0x00000000080003a0      0x22c ./Core/Src/SCH_Task.o
                0x00000000080003a0                displayLCD
 .text.toggleLedColor
                0x00000000080005cc       0xcc ./Core/Src/SCH_Task.o
                0x00000000080005cc                toggleLedColor
 .text.SCH_Init
                0x0000000008000698       0x34 ./Core/Src/Scheduler.o
                0x0000000008000698                SCH_Init
 .text.SCH_Update
                0x00000000080006cc       0xa8 ./Core/Src/Scheduler.o
                0x00000000080006cc                SCH_Update
 .text.SCH_AddTask
                0x0000000008000774       0x80 ./Core/Src/Scheduler.o
                0x0000000008000774                SCH_AddTask
 .text.SCH_Dispatch
                0x00000000080007f4       0x84 ./Core/Src/Scheduler.o
                0x00000000080007f4                SCH_Dispatch
 .text.SCH_DeleteTask
                0x0000000008000878       0x50 ./Core/Src/Scheduler.o
                0x0000000008000878                SCH_DeleteTask
 .text.SCH_GoSleep
                0x00000000080008c8        0xe ./Core/Src/Scheduler.o
                0x00000000080008c8                SCH_GoSleep
 *fill*         0x00000000080008d6        0x2 
 .text.HAL_TIM_PeriodElapsedCallback
                0x00000000080008d8       0x2c ./Core/Src/Scheduler.o
                0x00000000080008d8                HAL_TIM_PeriodElapsedCallback
 .text.fsm_input_driven_normal
                0x0000000008000904      0x1f4 ./Core/Src/fsm_input_driven.o
                0x0000000008000904                fsm_input_driven_normal
 .text.fsm_input_driven_config
                0x0000000008000af8      0x200 ./Core/Src/fsm_input_driven.o
                0x0000000008000af8                fsm_input_driven_config
 .text.flushLed
                0x0000000008000cf8       0x18 ./Core/Src/fsm_input_driven.o
                0x0000000008000cf8                flushLed
 .text.__NVIC_SystemReset
                0x0000000008000d10       0x2c ./Core/Src/fsm_run.o
 .text.fsm_run  0x0000000008000d3c      0x244 ./Core/Src/fsm_run.o
                0x0000000008000d3c                fsm_run
 .text.updateLCD
                0x0000000008000f80       0x3c ./Core/Src/global.o
                0x0000000008000f80                updateLCD
 .text.LedTraffic
                0x0000000008000fbc      0x13c ./Core/Src/global.o
                0x0000000008000fbc                LedTraffic
 .text.button_pin_read
                0x00000000080010f8       0x58 ./Core/Src/input_reading.o
                0x00000000080010f8                button_pin_read
 .text.button_reading
                0x0000000008001150      0x26c ./Core/Src/input_reading.o
                0x0000000008001150                button_reading
 .text.resetButtonFlag
                0x00000000080013bc       0x40 ./Core/Src/input_reading.o
                0x00000000080013bc                resetButtonFlag
 .text.unit_test_button_press
                0x00000000080013fc       0x38 ./Core/Src/input_reading.o
                0x00000000080013fc                unit_test_button_press
 .text.main     0x0000000008001434       0xa4 ./Core/Src/main.o
                0x0000000008001434                main
 .text.SystemClock_Config
                0x00000000080014d8       0x82 ./Core/Src/main.o
                0x00000000080014d8                SystemClock_Config
 *fill*         0x000000000800155a        0x2 
 .text.MX_I2C1_Init
                0x000000000800155c       0x5c ./Core/Src/main.o
 .text.MX_IWDG_Init
                0x00000000080015b8       0x34 ./Core/Src/main.o
 .text.MX_TIM2_Init
                0x00000000080015ec       0x98 ./Core/Src/main.o
 .text.MX_GPIO_Init
                0x0000000008001684      0x13c ./Core/Src/main.o
 .text.Error_Handler
                0x00000000080017c0        0xa ./Core/Src/main.o
                0x00000000080017c0                Error_Handler
 *fill*         0x00000000080017ca        0x2 
 .text.HAL_MspInit
                0x00000000080017cc       0x64 ./Core/Src/stm32f1xx_hal_msp.o
                0x00000000080017cc                HAL_MspInit
 .text.HAL_I2C_MspInit
                0x0000000008001830       0xb0 ./Core/Src/stm32f1xx_hal_msp.o
                0x0000000008001830                HAL_I2C_MspInit
 .text.HAL_TIM_Base_MspInit
                0x00000000080018e0       0x48 ./Core/Src/stm32f1xx_hal_msp.o
                0x00000000080018e0                HAL_TIM_Base_MspInit
 .text.__NVIC_SystemReset
                0x0000000008001928       0x2c ./Core/Src/stm32f1xx_it.o
 .text.NMI_Handler
                0x0000000008001954        0x6 ./Core/Src/stm32f1xx_it.o
                0x0000000008001954                NMI_Handler
 *fill*         0x000000000800195a        0x2 
 .text.HardFault_Handler
                0x000000000800195c       0x2c ./Core/Src/stm32f1xx_it.o
                0x000000000800195c                HardFault_Handler
 .text.MemManage_Handler
                0x0000000008001988        0x6 ./Core/Src/stm32f1xx_it.o
                0x0000000008001988                MemManage_Handler
 .text.BusFault_Handler
                0x000000000800198e        0x6 ./Core/Src/stm32f1xx_it.o
                0x000000000800198e                BusFault_Handler
 .text.UsageFault_Handler
                0x0000000008001994        0x6 ./Core/Src/stm32f1xx_it.o
                0x0000000008001994                UsageFault_Handler
 .text.SVC_Handler
                0x000000000800199a        0xc ./Core/Src/stm32f1xx_it.o
                0x000000000800199a                SVC_Handler
 .text.DebugMon_Handler
                0x00000000080019a6        0xc ./Core/Src/stm32f1xx_it.o
                0x00000000080019a6                DebugMon_Handler
 .text.PendSV_Handler
                0x00000000080019b2        0xc ./Core/Src/stm32f1xx_it.o
                0x00000000080019b2                PendSV_Handler
 .text.SysTick_Handler
                0x00000000080019be        0xc ./Core/Src/stm32f1xx_it.o
                0x00000000080019be                SysTick_Handler
 *fill*         0x00000000080019ca        0x2 
 .text.TIM2_IRQHandler
                0x00000000080019cc       0x14 ./Core/Src/stm32f1xx_it.o
                0x00000000080019cc                TIM2_IRQHandler
 .text.I2C1_EV_IRQHandler
                0x00000000080019e0       0x14 ./Core/Src/stm32f1xx_it.o
                0x00000000080019e0                I2C1_EV_IRQHandler
 .text._sbrk    0x00000000080019f4       0x6c ./Core/Src/sysmem.o
                0x00000000080019f4                _sbrk
 .text.SystemInit
                0x0000000008001a60        0xc ./Core/Src/system_stm32f1xx.o
                0x0000000008001a60                SystemInit
 .text.fsm_traffic
                0x0000000008001a6c       0xcc ./Core/Src/traffic_light.o
                0x0000000008001a6c                fsm_traffic
 .text.Reset_Handler
                0x0000000008001b38       0x48 ./Core/Startup/startup_stm32f103rbtx.o
                0x0000000008001b38                Reset_Handler
 .text.Default_Handler
                0x0000000008001b80        0x2 ./Core/Startup/startup_stm32f103rbtx.o
                0x0000000008001b80                RTC_Alarm_IRQHandler
                0x0000000008001b80                EXTI2_IRQHandler
                0x0000000008001b80                TIM1_CC_IRQHandler
                0x0000000008001b80                PVD_IRQHandler
                0x0000000008001b80                EXTI3_IRQHandler
                0x0000000008001b80                EXTI0_IRQHandler
                0x0000000008001b80                I2C2_EV_IRQHandler
                0x0000000008001b80                ADC1_2_IRQHandler
                0x0000000008001b80                SPI1_IRQHandler
                0x0000000008001b80                TAMPER_IRQHandler
                0x0000000008001b80                DMA1_Channel4_IRQHandler
                0x0000000008001b80                USART3_IRQHandler
                0x0000000008001b80                RTC_IRQHandler
                0x0000000008001b80                DMA1_Channel7_IRQHandler
                0x0000000008001b80                CAN1_RX1_IRQHandler
                0x0000000008001b80                TIM4_IRQHandler
                0x0000000008001b80                DMA1_Channel6_IRQHandler
                0x0000000008001b80                TIM3_IRQHandler
                0x0000000008001b80                RCC_IRQHandler
                0x0000000008001b80                TIM1_TRG_COM_IRQHandler
                0x0000000008001b80                DMA1_Channel1_IRQHandler
                0x0000000008001b80                Default_Handler
                0x0000000008001b80                EXTI15_10_IRQHandler
                0x0000000008001b80                EXTI9_5_IRQHandler
                0x0000000008001b80                SPI2_IRQHandler
                0x0000000008001b80                DMA1_Channel5_IRQHandler
                0x0000000008001b80                EXTI4_IRQHandler
                0x0000000008001b80                USB_LP_CAN1_RX0_IRQHandler
                0x0000000008001b80                USB_HP_CAN1_TX_IRQHandler
                0x0000000008001b80                DMA1_Channel3_IRQHandler
                0x0000000008001b80                TIM1_UP_IRQHandler
                0x0000000008001b80                WWDG_IRQHandler
                0x0000000008001b80                TIM1_BRK_IRQHandler
                0x0000000008001b80                EXTI1_IRQHandler
                0x0000000008001b80                USART2_IRQHandler
                0x0000000008001b80                I2C2_ER_IRQHandler
                0x0000000008001b80                DMA1_Channel2_IRQHandler
                0x0000000008001b80                CAN1_SCE_IRQHandler
                0x0000000008001b80                FLASH_IRQHandler
                0x0000000008001b80                USART1_IRQHandler
                0x0000000008001b80                I2C1_ER_IRQHandler
                0x0000000008001b80                USBWakeUp_IRQHandler
 *fill*         0x0000000008001b82        0x2 
 .text.HAL_Init
                0x0000000008001b84       0x2c ./Drivers/STM32F1xx_HAL_Driver/Src/stm32f1xx_hal.o
                0x0000000008001b84                HAL_Init
 .text.HAL_InitTick
                0x0000000008001bb0       0x60 ./Drivers/STM32F1xx_HAL_Driver/Src/stm32f1xx_hal.o
                0x0000000008001bb0                HAL_InitTick
 .text.HAL_IncTick
                0x0000000008001c10       0x24 ./Drivers/STM32F1xx_HAL_Driver/Src/stm32f1xx_hal.o
                0x0000000008001c10                HAL_IncTick
 .text.HAL_GetTick
                0x0000000008001c34       0x14 ./Drivers/STM32F1xx_HAL_Driver/Src/stm32f1xx_hal.o
                0x0000000008001c34                HAL_GetTick
 .text.HAL_Delay
                0x0000000008001c48       0x48 ./Drivers/STM32F1xx_HAL_Driver/Src/stm32f1xx_hal.o
                0x0000000008001c48                HAL_Delay
 .text.__NVIC_SetPriorityGrouping
                0x0000000008001c90       0x48 ./Drivers/STM32F1xx_HAL_Driver/Src/stm32f1xx_hal_cortex.o
 .text.__NVIC_GetPriorityGrouping
                0x0000000008001cd8       0x1c ./Drivers/STM32F1xx_HAL_Driver/Src/stm32f1xx_hal_cortex.o
 .text.__NVIC_EnableIRQ
                0x0000000008001cf4       0x38 ./Drivers/STM32F1xx_HAL_Driver/Src/stm32f1xx_hal_cortex.o
 .text.__NVIC_SetPriority
                0x0000000008001d2c       0x54 ./Drivers/STM32F1xx_HAL_Driver/Src/stm32f1xx_hal_cortex.o
 .text.NVIC_EncodePriority
                0x0000000008001d80       0x64 ./Drivers/STM32F1xx_HAL_Driver/Src/stm32f1xx_hal_cortex.o
 .text.SysTick_Config
                0x0000000008001de4       0x44 ./Drivers/STM32F1xx_HAL_Driver/Src/stm32f1xx_hal_cortex.o
 .text.HAL_NVIC_SetPriorityGrouping
                0x0000000008001e28       0x16 ./Drivers/STM32F1xx_HAL_Driver/Src/stm32f1xx_hal_cortex.o
                0x0000000008001e28                HAL_NVIC_SetPriorityGrouping
 .text.HAL_NVIC_SetPriority
                0x0000000008001e3e       0x38 ./Drivers/STM32F1xx_HAL_Driver/Src/stm32f1xx_hal_cortex.o
                0x0000000008001e3e                HAL_NVIC_SetPriority
 .text.HAL_NVIC_EnableIRQ
                0x0000000008001e76       0x1c ./Drivers/STM32F1xx_HAL_Driver/Src/stm32f1xx_hal_cortex.o
                0x0000000008001e76                HAL_NVIC_EnableIRQ
 .text.HAL_SYSTICK_Config
                0x0000000008001e92       0x18 ./Drivers/STM32F1xx_HAL_Driver/Src/stm32f1xx_hal_cortex.o
                0x0000000008001e92                HAL_SYSTICK_Config
 *fill*         0x0000000008001eaa        0x2 
 .text.HAL_DMA_Abort_IT
                0x0000000008001eac       0xf0 ./Drivers/STM32F1xx_HAL_Driver/Src/stm32f1xx_hal_dma.o
                0x0000000008001eac                HAL_DMA_Abort_IT
 .text.HAL_DMA_GetState
                0x0000000008001f9c       0x1a ./Drivers/STM32F1xx_HAL_Driver/Src/stm32f1xx_hal_dma.o
                0x0000000008001f9c                HAL_DMA_GetState
 *fill*         0x0000000008001fb6        0x2 
 .text.HAL_GPIO_Init
                0x0000000008001fb8      0x308 ./Drivers/STM32F1xx_HAL_Driver/Src/stm32f1xx_hal_gpio.o
                0x0000000008001fb8                HAL_GPIO_Init
 .text.HAL_GPIO_ReadPin
                0x00000000080022c0       0x2e ./Drivers/STM32F1xx_HAL_Driver/Src/stm32f1xx_hal_gpio.o
                0x00000000080022c0                HAL_GPIO_ReadPin
 .text.HAL_GPIO_WritePin
                0x00000000080022ee       0x30 ./Drivers/STM32F1xx_HAL_Driver/Src/stm32f1xx_hal_gpio.o
                0x00000000080022ee                HAL_GPIO_WritePin
 .text.HAL_GPIO_TogglePin
                0x000000000800231e       0x32 ./Drivers/STM32F1xx_HAL_Driver/Src/stm32f1xx_hal_gpio.o
                0x000000000800231e                HAL_GPIO_TogglePin
 .text.HAL_I2C_Init
                0x0000000008002350      0x288 ./Drivers/STM32F1xx_HAL_Driver/Src/stm32f1xx_hal_i2c.o
                0x0000000008002350                HAL_I2C_Init
 .text.I2C_Flush_DR
                0x00000000080025d8       0x28 ./Drivers/STM32F1xx_HAL_Driver/Src/stm32f1xx_hal_i2c.o
 .text.HAL_I2C_Master_Transmit
                0x0000000008002600      0x1fc ./Drivers/STM32F1xx_HAL_Driver/Src/stm32f1xx_hal_i2c.o
                0x0000000008002600                HAL_I2C_Master_Transmit
 .text.HAL_I2C_EV_IRQHandler
                0x00000000080027fc      0x2e2 ./Drivers/STM32F1xx_HAL_Driver/Src/stm32f1xx_hal_i2c.o
                0x00000000080027fc                HAL_I2C_EV_IRQHandler
 .text.HAL_I2C_MasterTxCpltCallback
                0x0000000008002ade       0x12 ./Drivers/STM32F1xx_HAL_Driver/Src/stm32f1xx_hal_i2c.o
                0x0000000008002ade                HAL_I2C_MasterTxCpltCallback
 .text.HAL_I2C_MasterRxCpltCallback
                0x0000000008002af0       0x12 ./Drivers/STM32F1xx_HAL_Driver/Src/stm32f1xx_hal_i2c.o
                0x0000000008002af0                HAL_I2C_MasterRxCpltCallback
 .text.HAL_I2C_SlaveTxCpltCallback
                0x0000000008002b02       0x12 ./Drivers/STM32F1xx_HAL_Driver/Src/stm32f1xx_hal_i2c.o
                0x0000000008002b02                HAL_I2C_SlaveTxCpltCallback
 .text.HAL_I2C_SlaveRxCpltCallback
                0x0000000008002b14       0x12 ./Drivers/STM32F1xx_HAL_Driver/Src/stm32f1xx_hal_i2c.o
                0x0000000008002b14                HAL_I2C_SlaveRxCpltCallback
 .text.HAL_I2C_AddrCallback
                0x0000000008002b26       0x1a ./Drivers/STM32F1xx_HAL_Driver/Src/stm32f1xx_hal_i2c.o
                0x0000000008002b26                HAL_I2C_AddrCallback
 .text.HAL_I2C_ListenCpltCallback
                0x0000000008002b40       0x12 ./Drivers/STM32F1xx_HAL_Driver/Src/stm32f1xx_hal_i2c.o
                0x0000000008002b40                HAL_I2C_ListenCpltCallback
 .text.HAL_I2C_MemTxCpltCallback
                0x0000000008002b52       0x12 ./Drivers/STM32F1xx_HAL_Driver/Src/stm32f1xx_hal_i2c.o
                0x0000000008002b52                HAL_I2C_MemTxCpltCallback
 .text.HAL_I2C_MemRxCpltCallback
                0x0000000008002b64       0x12 ./Drivers/STM32F1xx_HAL_Driver/Src/stm32f1xx_hal_i2c.o
                0x0000000008002b64                HAL_I2C_MemRxCpltCallback
 .text.HAL_I2C_ErrorCallback
                0x0000000008002b76       0x12 ./Drivers/STM32F1xx_HAL_Driver/Src/stm32f1xx_hal_i2c.o
                0x0000000008002b76                HAL_I2C_ErrorCallback
 .text.HAL_I2C_AbortCpltCallback
                0x0000000008002b88       0x12 ./Drivers/STM32F1xx_HAL_Driver/Src/stm32f1xx_hal_i2c.o
                0x0000000008002b88                HAL_I2C_AbortCpltCallback
 .text.I2C_MasterTransmit_TXE
                0x0000000008002b9a      0x138 ./Drivers/STM32F1xx_HAL_Driver/Src/stm32f1xx_hal_i2c.o
 .text.I2C_MasterTransmit_BTF
                0x0000000008002cd2       0xec ./Drivers/STM32F1xx_HAL_Driver/Src/stm32f1xx_hal_i2c.o
 .text.I2C_MemoryTransmit_TXE_BTF
                0x0000000008002dbe      0x130 ./Drivers/STM32F1xx_HAL_Driver/Src/stm32f1xx_hal_i2c.o
 .text.I2C_MasterReceive_RXNE
                0x0000000008002eee      0x190 ./Drivers/STM32F1xx_HAL_Driver/Src/stm32f1xx_hal_i2c.o
 .text.I2C_MasterReceive_BTF
                0x000000000800307e      0x1e2 ./Drivers/STM32F1xx_HAL_Driver/Src/stm32f1xx_hal_i2c.o
 .text.I2C_Master_SB
                0x0000000008003260      0x10a ./Drivers/STM32F1xx_HAL_Driver/Src/stm32f1xx_hal_i2c.o
 .text.I2C_Master_ADD10
                0x000000000800336a       0x52 ./Drivers/STM32F1xx_HAL_Driver/Src/stm32f1xx_hal_i2c.o
 .text.I2C_Master_ADDR
                0x00000000080033bc      0x336 ./Drivers/STM32F1xx_HAL_Driver/Src/stm32f1xx_hal_i2c.o
 .text.I2C_SlaveTransmit_TXE
                0x00000000080036f2       0x7a ./Drivers/STM32F1xx_HAL_Driver/Src/stm32f1xx_hal_i2c.o
 .text.I2C_SlaveTransmit_BTF
                0x000000000800376c       0x40 ./Drivers/STM32F1xx_HAL_Driver/Src/stm32f1xx_hal_i2c.o
 .text.I2C_SlaveReceive_RXNE
                0x00000000080037ac       0x7c ./Drivers/STM32F1xx_HAL_Driver/Src/stm32f1xx_hal_i2c.o
 .text.I2C_SlaveReceive_BTF
                0x0000000008003828       0x42 ./Drivers/STM32F1xx_HAL_Driver/Src/stm32f1xx_hal_i2c.o
 .text.I2C_Slave_ADDR
                0x000000000800386a       0x94 ./Drivers/STM32F1xx_HAL_Driver/Src/stm32f1xx_hal_i2c.o
 *fill*         0x00000000080038fe        0x2 
 .text.I2C_Slave_STOPF
                0x0000000008003900      0x260 ./Drivers/STM32F1xx_HAL_Driver/Src/stm32f1xx_hal_i2c.o
 .text.I2C_ITError
                0x0000000008003b60      0x264 ./Drivers/STM32F1xx_HAL_Driver/Src/stm32f1xx_hal_i2c.o
 .text.I2C_MasterRequestWrite
                0x0000000008003dc4      0x104 ./Drivers/STM32F1xx_HAL_Driver/Src/stm32f1xx_hal_i2c.o
 .text.I2C_DMAAbort
                0x0000000008003ec8      0x150 ./Drivers/STM32F1xx_HAL_Driver/Src/stm32f1xx_hal_i2c.o
 .text.I2C_WaitOnFlagUntilTimeout
                0x0000000008004018       0xf4 ./Drivers/STM32F1xx_HAL_Driver/Src/stm32f1xx_hal_i2c.o
 .text.I2C_WaitOnMasterAddressFlagUntilTimeout
                0x000000000800410c      0x140 ./Drivers/STM32F1xx_HAL_Driver/Src/stm32f1xx_hal_i2c.o
 .text.I2C_WaitOnTXEFlagUntilTimeout
                0x000000000800424c       0x90 ./Drivers/STM32F1xx_HAL_Driver/Src/stm32f1xx_hal_i2c.o
 .text.I2C_WaitOnBTFFlagUntilTimeout
                0x00000000080042dc       0x90 ./Drivers/STM32F1xx_HAL_Driver/Src/stm32f1xx_hal_i2c.o
 .text.I2C_WaitOnSTOPRequestThroughIT
                0x000000000800436c       0x64 ./Drivers/STM32F1xx_HAL_Driver/Src/stm32f1xx_hal_i2c.o
 .text.I2C_IsAcknowledgeFailed
                0x00000000080043d0       0x5c ./Drivers/STM32F1xx_HAL_Driver/Src/stm32f1xx_hal_i2c.o
 .text.I2C_ConvertOtherXferOptions
                0x000000000800442c       0x34 ./Drivers/STM32F1xx_HAL_Driver/Src/stm32f1xx_hal_i2c.o
 .text.HAL_IWDG_Init
                0x0000000008004460       0x88 ./Drivers/STM32F1xx_HAL_Driver/Src/stm32f1xx_hal_iwdg.o
                0x0000000008004460                HAL_IWDG_Init
 .text.HAL_IWDG_Refresh
                0x00000000080044e8       0x1e ./Drivers/STM32F1xx_HAL_Driver/Src/stm32f1xx_hal_iwdg.o
                0x00000000080044e8                HAL_IWDG_Refresh
 *fill*         0x0000000008004506        0x2 
 .text.HAL_RCC_OscConfig
                0x0000000008004508      0x500 ./Drivers/STM32F1xx_HAL_Driver/Src/stm32f1xx_hal_rcc.o
                0x0000000008004508                HAL_RCC_OscConfig
 .text.HAL_RCC_ClockConfig
                0x0000000008004a08      0x1d4 ./Drivers/STM32F1xx_HAL_Driver/Src/stm32f1xx_hal_rcc.o
                0x0000000008004a08                HAL_RCC_ClockConfig
 .text.HAL_RCC_GetSysClockFreq
                0x0000000008004bdc       0xa8 ./Drivers/STM32F1xx_HAL_Driver/Src/stm32f1xx_hal_rcc.o
                0x0000000008004bdc                HAL_RCC_GetSysClockFreq
 .text.HAL_RCC_GetHCLKFreq
                0x0000000008004c84       0x14 ./Drivers/STM32F1xx_HAL_Driver/Src/stm32f1xx_hal_rcc.o
                0x0000000008004c84                HAL_RCC_GetHCLKFreq
 .text.HAL_RCC_GetPCLK1Freq
                0x0000000008004c98       0x28 ./Drivers/STM32F1xx_HAL_Driver/Src/stm32f1xx_hal_rcc.o
                0x0000000008004c98                HAL_RCC_GetPCLK1Freq
 .text.RCC_Delay
                0x0000000008004cc0       0x3c ./Drivers/STM32F1xx_HAL_Driver/Src/stm32f1xx_hal_rcc.o
 .text.HAL_TIM_Base_Init
                0x0000000008004cfc       0x9e ./Drivers/STM32F1xx_HAL_Driver/Src/stm32f1xx_hal_tim.o
                0x0000000008004cfc                HAL_TIM_Base_Init
 *fill*         0x0000000008004d9a        0x2 
 .text.HAL_TIM_Base_Start_IT
                0x0000000008004d9c       0xa4 ./Drivers/STM32F1xx_HAL_Driver/Src/stm32f1xx_hal_tim.o
                0x0000000008004d9c                HAL_TIM_Base_Start_IT
 .text.HAL_TIM_IRQHandler
                0x0000000008004e40      0x1e0 ./Drivers/STM32F1xx_HAL_Driver/Src/stm32f1xx_hal_tim.o
                0x0000000008004e40                HAL_TIM_IRQHandler
 .text.HAL_TIM_ConfigClockSource
                0x0000000008005020      0x18e ./Drivers/STM32F1xx_HAL_Driver/Src/stm32f1xx_hal_tim.o
                0x0000000008005020                HAL_TIM_ConfigClockSource
 .text.HAL_TIM_OC_DelayElapsedCallback
                0x00000000080051ae       0x12 ./Drivers/STM32F1xx_HAL_Driver/Src/stm32f1xx_hal_tim.o
                0x00000000080051ae                HAL_TIM_OC_DelayElapsedCallback
 .text.HAL_TIM_IC_CaptureCallback
                0x00000000080051c0       0x12 ./Drivers/STM32F1xx_HAL_Driver/Src/stm32f1xx_hal_tim.o
                0x00000000080051c0                HAL_TIM_IC_CaptureCallback
 .text.HAL_TIM_PWM_PulseFinishedCallback
                0x00000000080051d2       0x12 ./Drivers/STM32F1xx_HAL_Driver/Src/stm32f1xx_hal_tim.o
                0x00000000080051d2                HAL_TIM_PWM_PulseFinishedCallback
 .text.HAL_TIM_TriggerCallback
                0x00000000080051e4       0x12 ./Drivers/STM32F1xx_HAL_Driver/Src/stm32f1xx_hal_tim.o
                0x00000000080051e4                HAL_TIM_TriggerCallback
 *fill*         0x00000000080051f6        0x2 
 .text.TIM_Base_SetConfig
                0x00000000080051f8       0xdc ./Drivers/STM32F1xx_HAL_Driver/Src/stm32f1xx_hal_tim.o
                0x00000000080051f8                TIM_Base_SetConfig
 .text.TIM_TI1_ConfigInputStage
                0x00000000080052d4       0x5c ./Drivers/STM32F1xx_HAL_Driver/Src/stm32f1xx_hal_tim.o
 .text.TIM_TI2_ConfigInputStage
                0x0000000008005330       0x5e ./Drivers/STM32F1xx_HAL_Driver/Src/stm32f1xx_hal_tim.o
 .text.TIM_ITRx_SetConfig
                0x000000000800538e       0x34 ./Drivers/STM32F1xx_HAL_Driver/Src/stm32f1xx_hal_tim.o
 .text.TIM_ETR_SetConfig
                0x00000000080053c2       0x3e ./Drivers/STM32F1xx_HAL_Driver/Src/stm32f1xx_hal_tim.o
                0x00000000080053c2                TIM_ETR_SetConfig
 .text.HAL_TIMEx_MasterConfigSynchronization
                0x0000000008005400       0xbc ./Drivers/STM32F1xx_HAL_Driver/Src/stm32f1xx_hal_tim_ex.o
                0x0000000008005400                HAL_TIMEx_MasterConfigSynchronization
 .text.HAL_TIMEx_CommutCallback
                0x00000000080054bc       0x12 ./Drivers/STM32F1xx_HAL_Driver/Src/stm32f1xx_hal_tim_ex.o
                0x00000000080054bc                HAL_TIMEx_CommutCallback
 .text.HAL_TIMEx_BreakCallback
                0x00000000080054ce       0x12 ./Drivers/STM32F1xx_HAL_Driver/Src/stm32f1xx_hal_tim_ex.o
                0x00000000080054ce                HAL_TIMEx_BreakCallback
 .text.__errno  0x00000000080054e0        0xc d:/app/stm32cubeide_1.7.0/stm32cubeide/plugins/com.st.stm32cube.ide.mcu.externaltools.gnu-tools-for-stm32.9-2020-q2-update.win32_2.0.0.202105311346/tools/bin/../lib/gcc/arm-none-eabi/9.3.1/../../../../arm-none-eabi/lib/thumb/v7-m/nofp\libc_nano.a(lib_a-errno.o)
                0x00000000080054e0                __errno
 .text.__libc_init_array
                0x00000000080054ec       0x48 d:/app/stm32cubeide_1.7.0/stm32cubeide/plugins/com.st.stm32cube.ide.mcu.externaltools.gnu-tools-for-stm32.9-2020-q2-update.win32_2.0.0.202105311346/tools/bin/../lib/gcc/arm-none-eabi/9.3.1/../../../../arm-none-eabi/lib/thumb/v7-m/nofp\libc_nano.a(lib_a-init.o)
                0x00000000080054ec                __libc_init_array
 .text.memset   0x0000000008005534       0x10 d:/app/stm32cubeide_1.7.0/stm32cubeide/plugins/com.st.stm32cube.ide.mcu.externaltools.gnu-tools-for-stm32.9-2020-q2-update.win32_2.0.0.202105311346/tools/bin/../lib/gcc/arm-none-eabi/9.3.1/../../../../arm-none-eabi/lib/thumb/v7-m/nofp\libc_nano.a(lib_a-memset.o)
                0x0000000008005534                memset
 .text.sprintf  0x0000000008005544       0x40 d:/app/stm32cubeide_1.7.0/stm32cubeide/plugins/com.st.stm32cube.ide.mcu.externaltools.gnu-tools-for-stm32.9-2020-q2-update.win32_2.0.0.202105311346/tools/bin/../lib/gcc/arm-none-eabi/9.3.1/../../../../arm-none-eabi/lib/thumb/v7-m/nofp\libc_nano.a(lib_a-sprintf.o)
                0x0000000008005544                siprintf
                0x0000000008005544                sprintf
 .text.__ssputs_r
                0x0000000008005584       0xb6 d:/app/stm32cubeide_1.7.0/stm32cubeide/plugins/com.st.stm32cube.ide.mcu.externaltools.gnu-tools-for-stm32.9-2020-q2-update.win32_2.0.0.202105311346/tools/bin/../lib/gcc/arm-none-eabi/9.3.1/../../../../arm-none-eabi/lib/thumb/v7-m/nofp\libc_nano.a(lib_a-nano-svfprintf.o)
                0x0000000008005584                __ssputs_r
 *fill*         0x000000000800563a        0x2 
 .text._svfprintf_r
                0x000000000800563c      0x200 d:/app/stm32cubeide_1.7.0/stm32cubeide/plugins/com.st.stm32cube.ide.mcu.externaltools.gnu-tools-for-stm32.9-2020-q2-update.win32_2.0.0.202105311346/tools/bin/../lib/gcc/arm-none-eabi/9.3.1/../../../../arm-none-eabi/lib/thumb/v7-m/nofp\libc_nano.a(lib_a-nano-svfprintf.o)
                0x000000000800563c                _svfiprintf_r
                0x000000000800563c                _svfprintf_r
 .text._printf_common
                0x000000000800583c       0xde d:/app/stm32cubeide_1.7.0/stm32cubeide/plugins/com.st.stm32cube.ide.mcu.externaltools.gnu-tools-for-stm32.9-2020-q2-update.win32_2.0.0.202105311346/tools/bin/../lib/gcc/arm-none-eabi/9.3.1/../../../../arm-none-eabi/lib/thumb/v7-m/nofp\libc_nano.a(lib_a-nano-vfprintf_i.o)
                0x000000000800583c                _printf_common
 *fill*         0x000000000800591a        0x2 
 .text._printf_i
                0x000000000800591c      0x24c d:/app/stm32cubeide_1.7.0/stm32cubeide/plugins/com.st.stm32cube.ide.mcu.externaltools.gnu-tools-for-stm32.9-2020-q2-update.win32_2.0.0.202105311346/tools/bin/../lib/gcc/arm-none-eabi/9.3.1/../../../../arm-none-eabi/lib/thumb/v7-m/nofp\libc_nano.a(lib_a-nano-vfprintf_i.o)
                0x000000000800591c                _printf_i
 .text.memchr   0x0000000008005b68       0x1c d:/app/stm32cubeide_1.7.0/stm32cubeide/plugins/com.st.stm32cube.ide.mcu.externaltools.gnu-tools-for-stm32.9-2020-q2-update.win32_2.0.0.202105311346/tools/bin/../lib/gcc/arm-none-eabi/9.3.1/../../../../arm-none-eabi/lib/thumb/v7-m/nofp\libc_nano.a(lib_a-memchr-stub.o)
                0x0000000008005b68                memchr
 .text.memcpy   0x0000000008005b84       0x1c d:/app/stm32cubeide_1.7.0/stm32cubeide/plugins/com.st.stm32cube.ide.mcu.externaltools.gnu-tools-for-stm32.9-2020-q2-update.win32_2.0.0.202105311346/tools/bin/../lib/gcc/arm-none-eabi/9.3.1/../../../../arm-none-eabi/lib/thumb/v7-m/nofp\libc_nano.a(lib_a-memcpy-stub.o)
                0x0000000008005b84                memcpy
 .text.memmove  0x0000000008005ba0       0x34 d:/app/stm32cubeide_1.7.0/stm32cubeide/plugins/com.st.stm32cube.ide.mcu.externaltools.gnu-tools-for-stm32.9-2020-q2-update.win32_2.0.0.202105311346/tools/bin/../lib/gcc/arm-none-eabi/9.3.1/../../../../arm-none-eabi/lib/thumb/v7-m/nofp\libc_nano.a(lib_a-memmove.o)
                0x0000000008005ba0                memmove
 .text._free_r  0x0000000008005bd4       0x98 d:/app/stm32cubeide_1.7.0/stm32cubeide/plugins/com.st.stm32cube.ide.mcu.externaltools.gnu-tools-for-stm32.9-2020-q2-update.win32_2.0.0.202105311346/tools/bin/../lib/gcc/arm-none-eabi/9.3.1/../../../../arm-none-eabi/lib/thumb/v7-m/nofp\libc_nano.a(lib_a-nano-freer.o)
                0x0000000008005bd4                _free_r
 .text._malloc_r
                0x0000000008005c6c       0xb4 d:/app/stm32cubeide_1.7.0/stm32cubeide/plugins/com.st.stm32cube.ide.mcu.externaltools.gnu-tools-for-stm32.9-2020-q2-update.win32_2.0.0.202105311346/tools/bin/../lib/gcc/arm-none-eabi/9.3.1/../../../../arm-none-eabi/lib/thumb/v7-m/nofp\libc_nano.a(lib_a-nano-mallocr.o)
                0x0000000008005c6c                _malloc_r
 .text._realloc_r
                0x0000000008005d20       0x4c d:/app/stm32cubeide_1.7.0/stm32cubeide/plugins/com.st.stm32cube.ide.mcu.externaltools.gnu-tools-for-stm32.9-2020-q2-update.win32_2.0.0.202105311346/tools/bin/../lib/gcc/arm-none-eabi/9.3.1/../../../../arm-none-eabi/lib/thumb/v7-m/nofp\libc_nano.a(lib_a-nano-reallocr.o)
                0x0000000008005d20                _realloc_r
 .text._sbrk_r  0x0000000008005d6c       0x20 d:/app/stm32cubeide_1.7.0/stm32cubeide/plugins/com.st.stm32cube.ide.mcu.externaltools.gnu-tools-for-stm32.9-2020-q2-update.win32_2.0.0.202105311346/tools/bin/../lib/gcc/arm-none-eabi/9.3.1/../../../../arm-none-eabi/lib/thumb/v7-m/nofp\libc_nano.a(lib_a-sbrkr.o)
                0x0000000008005d6c                _sbrk_r
 .text.__malloc_lock
                0x0000000008005d8c        0xc d:/app/stm32cubeide_1.7.0/stm32cubeide/plugins/com.st.stm32cube.ide.mcu.externaltools.gnu-tools-for-stm32.9-2020-q2-update.win32_2.0.0.202105311346/tools/bin/../lib/gcc/arm-none-eabi/9.3.1/../../../../arm-none-eabi/lib/thumb/v7-m/nofp\libc_nano.a(lib_a-mlock.o)
                0x0000000008005d8c                __malloc_lock
 .text.__malloc_unlock
                0x0000000008005d98        0xc d:/app/stm32cubeide_1.7.0/stm32cubeide/plugins/com.st.stm32cube.ide.mcu.externaltools.gnu-tools-for-stm32.9-2020-q2-update.win32_2.0.0.202105311346/tools/bin/../lib/gcc/arm-none-eabi/9.3.1/../../../../arm-none-eabi/lib/thumb/v7-m/nofp\libc_nano.a(lib_a-mlock.o)
                0x0000000008005d98                __malloc_unlock
 .text._malloc_usable_size_r
                0x0000000008005da4       0x10 d:/app/stm32cubeide_1.7.0/stm32cubeide/plugins/com.st.stm32cube.ide.mcu.externaltools.gnu-tools-for-stm32.9-2020-q2-update.win32_2.0.0.202105311346/tools/bin/../lib/gcc/arm-none-eabi/9.3.1/../../../../arm-none-eabi/lib/thumb/v7-m/nofp\libc_nano.a(lib_a-nano-msizer.o)
                0x0000000008005da4                _malloc_usable_size_r
 .text.__retarget_lock_acquire_recursive
                0x0000000008005db4        0x2 d:/app/stm32cubeide_1.7.0/stm32cubeide/plugins/com.st.stm32cube.ide.mcu.externaltools.gnu-tools-for-stm32.9-2020-q2-update.win32_2.0.0.202105311346/tools/bin/../lib/gcc/arm-none-eabi/9.3.1/../../../../arm-none-eabi/lib/thumb/v7-m/nofp\libc_nano.a(lib_a-lock.o)
                0x0000000008005db4                __retarget_lock_acquire_recursive
 .text.__retarget_lock_release_recursive
                0x0000000008005db6        0x2 d:/app/stm32cubeide_1.7.0/stm32cubeide/plugins/com.st.stm32cube.ide.mcu.externaltools.gnu-tools-for-stm32.9-2020-q2-update.win32_2.0.0.202105311346/tools/bin/../lib/gcc/arm-none-eabi/9.3.1/../../../../arm-none-eabi/lib/thumb/v7-m/nofp\libc_nano.a(lib_a-lock.o)
                0x0000000008005db6                __retarget_lock_release_recursive
 *(.glue_7)
 .glue_7        0x0000000008005db8        0x0 linker stubs
 *(.glue_7t)
 .glue_7t       0x0000000008005db8        0x0 linker stubs
 *(.eh_frame)
 .eh_frame      0x0000000008005db8        0x0 d:/app/stm32cubeide_1.7.0/stm32cubeide/plugins/com.st.stm32cube.ide.mcu.externaltools.gnu-tools-for-stm32.9-2020-q2-update.win32_2.0.0.202105311346/tools/bin/../lib/gcc/arm-none-eabi/9.3.1/thumb/v7-m/nofp/crtbegin.o
 *(.init)
 .init          0x0000000008005db8        0x4 d:/app/stm32cubeide_1.7.0/stm32cubeide/plugins/com.st.stm32cube.ide.mcu.externaltools.gnu-tools-for-stm32.9-2020-q2-update.win32_2.0.0.202105311346/tools/bin/../lib/gcc/arm-none-eabi/9.3.1/thumb/v7-m/nofp/crti.o
                0x0000000008005db8                _init
 .init          0x0000000008005dbc        0x8 d:/app/stm32cubeide_1.7.0/stm32cubeide/plugins/com.st.stm32cube.ide.mcu.externaltools.gnu-tools-for-stm32.9-2020-q2-update.win32_2.0.0.202105311346/tools/bin/../lib/gcc/arm-none-eabi/9.3.1/thumb/v7-m/nofp/crtn.o
 *(.fini)
 .fini          0x0000000008005dc4        0x4 d:/app/stm32cubeide_1.7.0/stm32cubeide/plugins/com.st.stm32cube.ide.mcu.externaltools.gnu-tools-for-stm32.9-2020-q2-update.win32_2.0.0.202105311346/tools/bin/../lib/gcc/arm-none-eabi/9.3.1/thumb/v7-m/nofp/crti.o
                0x0000000008005dc4                _fini
 .fini          0x0000000008005dc8        0x8 d:/app/stm32cubeide_1.7.0/stm32cubeide/plugins/com.st.stm32cube.ide.mcu.externaltools.gnu-tools-for-stm32.9-2020-q2-update.win32_2.0.0.202105311346/tools/bin/../lib/gcc/arm-none-eabi/9.3.1/thumb/v7-m/nofp/crtn.o
                0x0000000008005dd0                . = ALIGN (0x4)
                0x0000000008005dd0                _etext = .

.vfp11_veneer   0x0000000008005dd0        0x0
 .vfp11_veneer  0x0000000008005dd0        0x0 linker stubs

.v4_bx          0x0000000008005dd0        0x0
 .v4_bx         0x0000000008005dd0        0x0 linker stubs

.iplt           0x0000000008005dd0        0x0
 .iplt          0x0000000008005dd0        0x0 d:/app/stm32cubeide_1.7.0/stm32cubeide/plugins/com.st.stm32cube.ide.mcu.externaltools.gnu-tools-for-stm32.9-2020-q2-update.win32_2.0.0.202105311346/tools/bin/../lib/gcc/arm-none-eabi/9.3.1/thumb/v7-m/nofp/crtbegin.o

.rodata         0x0000000008005dd0      0x15c
                0x0000000008005dd0                . = ALIGN (0x4)
 *(.rodata)
 .rodata        0x0000000008005dd0       0x9f ./Core/Src/SCH_Task.o
 *fill*         0x0000000008005e6f        0x1 
 .rodata        0x0000000008005e70       0x17 ./Core/Src/fsm_input_driven.o
 *fill*         0x0000000008005e87        0x1 
 .rodata        0x0000000008005e88        0xf ./Core/Src/fsm_run.o
 *fill*         0x0000000008005e97        0x1 
 .rodata        0x0000000008005e98       0x22 ./Core/Src/main.o
 *fill*         0x0000000008005eba        0x2 
 .rodata        0x0000000008005ebc        0xe ./Core/Src/stm32f1xx_it.o
 *(.rodata*)
 *fill*         0x0000000008005eca        0x2 
 .rodata.AHBPrescTable
                0x0000000008005ecc       0x10 ./Core/Src/system_stm32f1xx.o
                0x0000000008005ecc                AHBPrescTable
 .rodata.APBPrescTable
                0x0000000008005edc        0x8 ./Core/Src/system_stm32f1xx.o
                0x0000000008005edc                APBPrescTable
 .rodata.aPLLMULFactorTable.6295
                0x0000000008005ee4       0x10 ./Drivers/STM32F1xx_HAL_Driver/Src/stm32f1xx_hal_rcc.o
 .rodata.aPredivFactorTable.6296
                0x0000000008005ef4        0x2 ./Drivers/STM32F1xx_HAL_Driver/Src/stm32f1xx_hal_rcc.o
 .rodata._svfprintf_r.str1.1
                0x0000000008005ef6       0x11 d:/app/stm32cubeide_1.7.0/stm32cubeide/plugins/com.st.stm32cube.ide.mcu.externaltools.gnu-tools-for-stm32.9-2020-q2-update.win32_2.0.0.202105311346/tools/bin/../lib/gcc/arm-none-eabi/9.3.1/../../../../arm-none-eabi/lib/thumb/v7-m/nofp\libc_nano.a(lib_a-nano-svfprintf.o)
 .rodata._printf_i.str1.1
                0x0000000008005f07       0x22 d:/app/stm32cubeide_1.7.0/stm32cubeide/plugins/com.st.stm32cube.ide.mcu.externaltools.gnu-tools-for-stm32.9-2020-q2-update.win32_2.0.0.202105311346/tools/bin/../lib/gcc/arm-none-eabi/9.3.1/../../../../arm-none-eabi/lib/thumb/v7-m/nofp\libc_nano.a(lib_a-nano-vfprintf_i.o)
                0x0000000008005f2c                . = ALIGN (0x4)
 *fill*         0x0000000008005f29        0x3 

.rel.dyn        0x0000000008005f2c        0x0
 .rel.iplt      0x0000000008005f2c        0x0 d:/app/stm32cubeide_1.7.0/stm32cubeide/plugins/com.st.stm32cube.ide.mcu.externaltools.gnu-tools-for-stm32.9-2020-q2-update.win32_2.0.0.202105311346/tools/bin/../lib/gcc/arm-none-eabi/9.3.1/thumb/v7-m/nofp/crtbegin.o

.ARM.extab      0x0000000008005f2c        0x0
                0x0000000008005f2c                . = ALIGN (0x4)
 *(.ARM.extab* .gnu.linkonce.armextab.*)
                0x0000000008005f2c                . = ALIGN (0x4)

.ARM            0x0000000008005f2c        0x0
                0x0000000008005f2c                . = ALIGN (0x4)
                0x0000000008005f2c                __exidx_start = .
 *(.ARM.exidx*)
                0x0000000008005f2c                __exidx_end = .
                0x0000000008005f2c                . = ALIGN (0x4)

.preinit_array  0x0000000008005f2c        0x0
                0x0000000008005f2c                . = ALIGN (0x4)
                0x0000000008005f2c                PROVIDE (__preinit_array_start = .)
 *(.preinit_array*)
                0x0000000008005f2c                PROVIDE (__preinit_array_end = .)
                0x0000000008005f2c                . = ALIGN (0x4)

.init_array     0x0000000008005f2c        0x4
                0x0000000008005f2c                . = ALIGN (0x4)
                0x0000000008005f2c                PROVIDE (__init_array_start = .)
 *(SORT_BY_NAME(.init_array.*))
 *(.init_array*)
 .init_array    0x0000000008005f2c        0x4 d:/app/stm32cubeide_1.7.0/stm32cubeide/plugins/com.st.stm32cube.ide.mcu.externaltools.gnu-tools-for-stm32.9-2020-q2-update.win32_2.0.0.202105311346/tools/bin/../lib/gcc/arm-none-eabi/9.3.1/thumb/v7-m/nofp/crtbegin.o
                0x0000000008005f30                PROVIDE (__init_array_end = .)
                0x0000000008005f30                . = ALIGN (0x4)

.fini_array     0x0000000008005f30        0x4
                0x0000000008005f30                . = ALIGN (0x4)
                [!provide]                        PROVIDE (__fini_array_start = .)
 *(SORT_BY_NAME(.fini_array.*))
 *(.fini_array*)
 .fini_array    0x0000000008005f30        0x4 d:/app/stm32cubeide_1.7.0/stm32cubeide/plugins/com.st.stm32cube.ide.mcu.externaltools.gnu-tools-for-stm32.9-2020-q2-update.win32_2.0.0.202105311346/tools/bin/../lib/gcc/arm-none-eabi/9.3.1/thumb/v7-m/nofp/crtbegin.o
                [!provide]                        PROVIDE (__fini_array_end = .)
                0x0000000008005f34                . = ALIGN (0x4)
                0x0000000008005f34                _sidata = LOADADDR (.data)

.data           0x0000000020000000       0x8c load address 0x0000000008005f34
                0x0000000020000000                . = ALIGN (0x4)
                0x0000000020000000                _sdata = .
 *(.data)
 *(.data*)
 .data.fsm_input_driven_normal_StateChange
                0x0000000020000000        0x1 ./Core/Src/fsm_input_driven.o
                0x0000000020000000                fsm_input_driven_normal_StateChange
 .data.fsm_input_driven_config_StateChange
                0x0000000020000001        0x1 ./Core/Src/fsm_input_driven.o
                0x0000000020000001                fsm_input_driven_config_StateChange
 .data.fsm_run_StateChange
                0x0000000020000002        0x1 ./Core/Src/fsm_run.o
                0x0000000020000002                fsm_run_StateChange
 *fill*         0x0000000020000003        0x1 
 .data.main_traffic
                0x0000000020000004        0x5 ./Core/Src/global.o
                0x0000000020000004                main_traffic
 *fill*         0x0000000020000009        0x3 
 .data.side_traffic
                0x000000002000000c        0x5 ./Core/Src/global.o
                0x000000002000000c                side_traffic
 *fill*         0x0000000020000011        0x3 
 .data.buttonBuffer
                0x0000000020000014        0x3 ./Core/Src/input_reading.o
 *fill*         0x0000000020000017        0x1 
 .data.SystemCoreClock
                0x0000000020000018        0x4 ./Core/Src/system_stm32f1xx.o
                0x0000000020000018                SystemCoreClock
 .data.t_mode_side
                0x000000002000001c        0x1 ./Core/Src/traffic_light.o
                0x000000002000001c                t_mode_side
 *fill*         0x000000002000001d        0x3 
 .data.uwTickPrio
                0x0000000020000020        0x4 ./Drivers/STM32F1xx_HAL_Driver/Src/stm32f1xx_hal.o
                0x0000000020000020                uwTickPrio
 .data.uwTickFreq
                0x0000000020000024        0x1 ./Drivers/STM32F1xx_HAL_Driver/Src/stm32f1xx_hal.o
                0x0000000020000024                uwTickFreq
 *fill*         0x0000000020000025        0x3 
 .data._impure_ptr
                0x0000000020000028        0x4 d:/app/stm32cubeide_1.7.0/stm32cubeide/plugins/com.st.stm32cube.ide.mcu.externaltools.gnu-tools-for-stm32.9-2020-q2-update.win32_2.0.0.202105311346/tools/bin/../lib/gcc/arm-none-eabi/9.3.1/../../../../arm-none-eabi/lib/thumb/v7-m/nofp\libc_nano.a(lib_a-impure.o)
                0x0000000020000028                _impure_ptr
 .data.impure_data
                0x000000002000002c       0x60 d:/app/stm32cubeide_1.7.0/stm32cubeide/plugins/com.st.stm32cube.ide.mcu.externaltools.gnu-tools-for-stm32.9-2020-q2-update.win32_2.0.0.202105311346/tools/bin/../lib/gcc/arm-none-eabi/9.3.1/../../../../arm-none-eabi/lib/thumb/v7-m/nofp\libc_nano.a(lib_a-impure.o)
 *(.RamFunc)
 *(.RamFunc*)
                0x000000002000008c                . = ALIGN (0x4)
                0x000000002000008c                _edata = .

.igot.plt       0x000000002000008c        0x0 load address 0x0000000008005fc0
 .igot.plt      0x000000002000008c        0x0 d:/app/stm32cubeide_1.7.0/stm32cubeide/plugins/com.st.stm32cube.ide.mcu.externaltools.gnu-tools-for-stm32.9-2020-q2-update.win32_2.0.0.202105311346/tools/bin/../lib/gcc/arm-none-eabi/9.3.1/thumb/v7-m/nofp/crtbegin.o
                0x000000002000008c                . = ALIGN (0x4)

.bss            0x000000002000008c      0x1dc load address 0x0000000008005fc0
                0x000000002000008c                _sbss = .
                0x000000002000008c                __bss_start__ = _sbss
 *(.bss)
 .bss           0x000000002000008c       0x1c d:/app/stm32cubeide_1.7.0/stm32cubeide/plugins/com.st.stm32cube.ide.mcu.externaltools.gnu-tools-for-stm32.9-2020-q2-update.win32_2.0.0.202105311346/tools/bin/../lib/gcc/arm-none-eabi/9.3.1/thumb/v7-m/nofp/crtbegin.o
 *(.bss*)
 .bss.Nmode     0x00000000200000a8        0x1 ./Core/Src/fsm_input_driven.o
                0x00000000200000a8                Nmode
 .bss.Cmode     0x00000000200000a9        0x1 ./Core/Src/fsm_input_driven.o
                0x00000000200000a9                Cmode
 .bss.color     0x00000000200000aa        0x1 ./Core/Src/fsm_run.o
                0x00000000200000aa                color
 .bss.m_mode    0x00000000200000ab        0x1 ./Core/Src/global.o
                0x00000000200000ab                m_mode
 .bss.test_button
                0x00000000200000ac        0x1 ./Core/Src/input_reading.o
                0x00000000200000ac                test_button
 *fill*         0x00000000200000ad        0x3 
 .bss.debounceButtonBuffer1
                0x00000000200000b0        0x3 ./Core/Src/input_reading.o
 *fill*         0x00000000200000b3        0x1 
 .bss.debounceButtonBuffer2
                0x00000000200000b4        0x3 ./Core/Src/input_reading.o
 *fill*         0x00000000200000b7        0x1 
 .bss.counterForButtonHold
                0x00000000200000b8        0x6 ./Core/Src/input_reading.o
 *fill*         0x00000000200000be        0x2 
 .bss.counterForButtonRelease
                0x00000000200000c0        0x6 ./Core/Src/input_reading.o
 *fill*         0x00000000200000c6        0x2 
 .bss.initial_press
                0x00000000200000c8        0x3 ./Core/Src/input_reading.o
 *fill*         0x00000000200000cb        0x1 
 .bss.__sbrk_heap_end
                0x00000000200000cc        0x4 ./Core/Src/sysmem.o
 .bss.t_mode_main
                0x00000000200000d0        0x1 ./Core/Src/traffic_light.o
                0x00000000200000d0                t_mode_main
 *fill*         0x00000000200000d1        0x3 
 .bss.__malloc_free_list
                0x00000000200000d4        0x4 d:/app/stm32cubeide_1.7.0/stm32cubeide/plugins/com.st.stm32cube.ide.mcu.externaltools.gnu-tools-for-stm32.9-2020-q2-update.win32_2.0.0.202105311346/tools/bin/../lib/gcc/arm-none-eabi/9.3.1/../../../../arm-none-eabi/lib/thumb/v7-m/nofp\libc_nano.a(lib_a-nano-mallocr.o)
                0x00000000200000d4                __malloc_free_list
 .bss.__malloc_sbrk_start
                0x00000000200000d8        0x4 d:/app/stm32cubeide_1.7.0/stm32cubeide/plugins/com.st.stm32cube.ide.mcu.externaltools.gnu-tools-for-stm32.9-2020-q2-update.win32_2.0.0.202105311346/tools/bin/../lib/gcc/arm-none-eabi/9.3.1/../../../../arm-none-eabi/lib/thumb/v7-m/nofp\libc_nano.a(lib_a-nano-mallocr.o)
                0x00000000200000d8                __malloc_sbrk_start
 *(COMMON)
 COMMON         0x00000000200000dc       0x2c ./Core/Src/LCD_I2C.o
                0x00000000200000dc                flagForButtonDoubleTap
                0x00000000200000df                flag_updateCountDown
                0x00000000200000e0                sideCountDown
                0x00000000200000e4                BUTTON
                0x00000000200000e8                flagForButtonHold
                0x00000000200000eb                mainCountDown
                0x00000000200000ec                currentMode
                0x00000000200000f4                flagForButtonPress
                0x00000000200000f8                flagForButtonTapHold
                0x00000000200000fc                TaskPara
 COMMON         0x0000000020000108       0xa3 ./Core/Src/Scheduler.o
                0x0000000020000108                SCH_Task_List
                0x00000000200001a8                ERROR_CODE
                0x00000000200001a9                RUNNING_TASK
                0x00000000200001aa                ID_HOLDER
 *fill*         0x00000000200001ab        0x1 
 COMMON         0x00000000200001ac       0xa8 ./Core/Src/main.o
                0x00000000200001ac                hi2c1
                0x0000000020000200                hiwdg
                0x000000002000020c                htim2
 COMMON         0x0000000020000254        0x4 ./Drivers/STM32F1xx_HAL_Driver/Src/stm32f1xx_hal.o
                0x0000000020000254                uwTick
 COMMON         0x0000000020000258        0x4 d:/app/stm32cubeide_1.7.0/stm32cubeide/plugins/com.st.stm32cube.ide.mcu.externaltools.gnu-tools-for-stm32.9-2020-q2-update.win32_2.0.0.202105311346/tools/bin/../lib/gcc/arm-none-eabi/9.3.1/../../../../arm-none-eabi/lib/thumb/v7-m/nofp\libc_nano.a(lib_a-reent.o)
                0x0000000020000258                errno
 COMMON         0x000000002000025c        0x9 d:/app/stm32cubeide_1.7.0/stm32cubeide/plugins/com.st.stm32cube.ide.mcu.externaltools.gnu-tools-for-stm32.9-2020-q2-update.win32_2.0.0.202105311346/tools/bin/../lib/gcc/arm-none-eabi/9.3.1/../../../../arm-none-eabi/lib/thumb/v7-m/nofp\libc_nano.a(lib_a-lock.o)
                0x000000002000025c                __lock___atexit_recursive_mutex
                0x000000002000025d                __lock___arc4random_mutex
                0x000000002000025e                __lock___env_recursive_mutex
                0x000000002000025f                __lock___sinit_recursive_mutex
                0x0000000020000260                __lock___malloc_recursive_mutex
                0x0000000020000261                __lock___at_quick_exit_mutex
                0x0000000020000262                __lock___dd_hash_mutex
                0x0000000020000263                __lock___tz_mutex
                0x0000000020000264                __lock___sfp_recursive_mutex
                0x0000000020000268                . = ALIGN (0x4)
 *fill*         0x0000000020000265        0x3 
                0x0000000020000268                _ebss = .
                0x0000000020000268                __bss_end__ = _ebss

._user_heap_stack
                0x0000000020000268      0x600 load address 0x0000000008005fc0
                0x0000000020000268                . = ALIGN (0x8)
                [!provide]                        PROVIDE (end = .)
                0x0000000020000268                PROVIDE (_end = .)
                0x0000000020000468                . = (. + _Min_Heap_Size)
 *fill*         0x0000000020000268      0x200 
                0x0000000020000868                . = (. + _Min_Stack_Size)
 *fill*         0x0000000020000468      0x400 
                0x0000000020000868                . = ALIGN (0x8)

/DISCARD/
 libc.a(*)
 libm.a(*)
 libgcc.a(*)

.ARM.attributes
                0x0000000000000000       0x29
 *(.ARM.attributes)
 .ARM.attributes
                0x0000000000000000       0x1d d:/app/stm32cubeide_1.7.0/stm32cubeide/plugins/com.st.stm32cube.ide.mcu.externaltools.gnu-tools-for-stm32.9-2020-q2-update.win32_2.0.0.202105311346/tools/bin/../lib/gcc/arm-none-eabi/9.3.1/thumb/v7-m/nofp/crti.o
 .ARM.attributes
                0x000000000000001d       0x2d d:/app/stm32cubeide_1.7.0/stm32cubeide/plugins/com.st.stm32cube.ide.mcu.externaltools.gnu-tools-for-stm32.9-2020-q2-update.win32_2.0.0.202105311346/tools/bin/../lib/gcc/arm-none-eabi/9.3.1/thumb/v7-m/nofp/crtbegin.o
 .ARM.attributes
                0x000000000000004a       0x2d ./Core/Src/LCD_I2C.o
 .ARM.attributes
                0x0000000000000077       0x2d ./Core/Src/SCH_Task.o
 .ARM.attributes
                0x00000000000000a4       0x2d ./Core/Src/Scheduler.o
 .ARM.attributes
                0x00000000000000d1       0x2d ./Core/Src/fsm_input_driven.o
 .ARM.attributes
                0x00000000000000fe       0x2d ./Core/Src/fsm_run.o
 .ARM.attributes
                0x000000000000012b       0x2d ./Core/Src/global.o
 .ARM.attributes
                0x0000000000000158       0x2d ./Core/Src/input_reading.o
 .ARM.attributes
                0x0000000000000185       0x2d ./Core/Src/main.o
 .ARM.attributes
                0x00000000000001b2       0x2d ./Core/Src/stm32f1xx_hal_msp.o
 .ARM.attributes
                0x00000000000001df       0x2d ./Core/Src/stm32f1xx_it.o
 .ARM.attributes
                0x000000000000020c       0x2d ./Core/Src/sysmem.o
 .ARM.attributes
                0x0000000000000239       0x2d ./Core/Src/system_stm32f1xx.o
 .ARM.attributes
                0x0000000000000266       0x2d ./Core/Src/traffic_light.o
 .ARM.attributes
                0x0000000000000293       0x21 ./Core/Startup/startup_stm32f103rbtx.o
 .ARM.attributes
                0x00000000000002b4       0x2d ./Drivers/STM32F1xx_HAL_Driver/Src/stm32f1xx_hal.o
 .ARM.attributes
                0x00000000000002e1       0x2d ./Drivers/STM32F1xx_HAL_Driver/Src/stm32f1xx_hal_cortex.o
 .ARM.attributes
                0x000000000000030e       0x2d ./Drivers/STM32F1xx_HAL_Driver/Src/stm32f1xx_hal_dma.o
 .ARM.attributes
                0x000000000000033b       0x2d ./Drivers/STM32F1xx_HAL_Driver/Src/stm32f1xx_hal_gpio.o
 .ARM.attributes
                0x0000000000000368       0x2d ./Drivers/STM32F1xx_HAL_Driver/Src/stm32f1xx_hal_i2c.o
 .ARM.attributes
                0x0000000000000395       0x2d ./Drivers/STM32F1xx_HAL_Driver/Src/stm32f1xx_hal_iwdg.o
 .ARM.attributes
                0x00000000000003c2       0x2d ./Drivers/STM32F1xx_HAL_Driver/Src/stm32f1xx_hal_rcc.o
 .ARM.attributes
                0x00000000000003ef       0x2d ./Drivers/STM32F1xx_HAL_Driver/Src/stm32f1xx_hal_tim.o
 .ARM.attributes
                0x000000000000041c       0x2d ./Drivers/STM32F1xx_HAL_Driver/Src/stm32f1xx_hal_tim_ex.o
 .ARM.attributes
                0x0000000000000449       0x2d d:/app/stm32cubeide_1.7.0/stm32cubeide/plugins/com.st.stm32cube.ide.mcu.externaltools.gnu-tools-for-stm32.9-2020-q2-update.win32_2.0.0.202105311346/tools/bin/../lib/gcc/arm-none-eabi/9.3.1/../../../../arm-none-eabi/lib/thumb/v7-m/nofp\libc_nano.a(lib_a-errno.o)
 .ARM.attributes
                0x0000000000000476       0x2d d:/app/stm32cubeide_1.7.0/stm32cubeide/plugins/com.st.stm32cube.ide.mcu.externaltools.gnu-tools-for-stm32.9-2020-q2-update.win32_2.0.0.202105311346/tools/bin/../lib/gcc/arm-none-eabi/9.3.1/../../../../arm-none-eabi/lib/thumb/v7-m/nofp\libc_nano.a(lib_a-impure.o)
 .ARM.attributes
                0x00000000000004a3       0x2d d:/app/stm32cubeide_1.7.0/stm32cubeide/plugins/com.st.stm32cube.ide.mcu.externaltools.gnu-tools-for-stm32.9-2020-q2-update.win32_2.0.0.202105311346/tools/bin/../lib/gcc/arm-none-eabi/9.3.1/../../../../arm-none-eabi/lib/thumb/v7-m/nofp\libc_nano.a(lib_a-init.o)
 .ARM.attributes
                0x00000000000004d0       0x2d d:/app/stm32cubeide_1.7.0/stm32cubeide/plugins/com.st.stm32cube.ide.mcu.externaltools.gnu-tools-for-stm32.9-2020-q2-update.win32_2.0.0.202105311346/tools/bin/../lib/gcc/arm-none-eabi/9.3.1/../../../../arm-none-eabi/lib/thumb/v7-m/nofp\libc_nano.a(lib_a-memset.o)
 .ARM.attributes
                0x00000000000004fd       0x2d d:/app/stm32cubeide_1.7.0/stm32cubeide/plugins/com.st.stm32cube.ide.mcu.externaltools.gnu-tools-for-stm32.9-2020-q2-update.win32_2.0.0.202105311346/tools/bin/../lib/gcc/arm-none-eabi/9.3.1/../../../../arm-none-eabi/lib/thumb/v7-m/nofp\libc_nano.a(lib_a-sprintf.o)
 .ARM.attributes
                0x000000000000052a       0x1b d:/app/stm32cubeide_1.7.0/stm32cubeide/plugins/com.st.stm32cube.ide.mcu.externaltools.gnu-tools-for-stm32.9-2020-q2-update.win32_2.0.0.202105311346/tools/bin/../lib/gcc/arm-none-eabi/9.3.1/../../../../arm-none-eabi/lib/thumb/v7-m/nofp\libc_nano.a(lib_a-strcmp.o)
 .ARM.attributes
                0x0000000000000545       0x2d d:/app/stm32cubeide_1.7.0/stm32cubeide/plugins/com.st.stm32cube.ide.mcu.externaltools.gnu-tools-for-stm32.9-2020-q2-update.win32_2.0.0.202105311346/tools/bin/../lib/gcc/arm-none-eabi/9.3.1/../../../../arm-none-eabi/lib/thumb/v7-m/nofp\libc_nano.a(lib_a-nano-svfprintf.o)
 .ARM.attributes
                0x0000000000000572       0x2d d:/app/stm32cubeide_1.7.0/stm32cubeide/plugins/com.st.stm32cube.ide.mcu.externaltools.gnu-tools-for-stm32.9-2020-q2-update.win32_2.0.0.202105311346/tools/bin/../lib/gcc/arm-none-eabi/9.3.1/../../../../arm-none-eabi/lib/thumb/v7-m/nofp\libc_nano.a(lib_a-nano-vfprintf_i.o)
 .ARM.attributes
                0x000000000000059f       0x2d d:/app/stm32cubeide_1.7.0/stm32cubeide/plugins/com.st.stm32cube.ide.mcu.externaltools.gnu-tools-for-stm32.9-2020-q2-update.win32_2.0.0.202105311346/tools/bin/../lib/gcc/arm-none-eabi/9.3.1/../../../../arm-none-eabi/lib/thumb/v7-m/nofp\libc_nano.a(lib_a-memchr-stub.o)
 .ARM.attributes
                0x00000000000005cc       0x2d d:/app/stm32cubeide_1.7.0/stm32cubeide/plugins/com.st.stm32cube.ide.mcu.externaltools.gnu-tools-for-stm32.9-2020-q2-update.win32_2.0.0.202105311346/tools/bin/../lib/gcc/arm-none-eabi/9.3.1/../../../../arm-none-eabi/lib/thumb/v7-m/nofp\libc_nano.a(lib_a-memcpy-stub.o)
 .ARM.attributes
                0x00000000000005f9       0x2d d:/app/stm32cubeide_1.7.0/stm32cubeide/plugins/com.st.stm32cube.ide.mcu.externaltools.gnu-tools-for-stm32.9-2020-q2-update.win32_2.0.0.202105311346/tools/bin/../lib/gcc/arm-none-eabi/9.3.1/../../../../arm-none-eabi/lib/thumb/v7-m/nofp\libc_nano.a(lib_a-memmove.o)
 .ARM.attributes
                0x0000000000000626       0x2d d:/app/stm32cubeide_1.7.0/stm32cubeide/plugins/com.st.stm32cube.ide.mcu.externaltools.gnu-tools-for-stm32.9-2020-q2-update.win32_2.0.0.202105311346/tools/bin/../lib/gcc/arm-none-eabi/9.3.1/../../../../arm-none-eabi/lib/thumb/v7-m/nofp\libc_nano.a(lib_a-nano-freer.o)
 .ARM.attributes
                0x0000000000000653       0x2d d:/app/stm32cubeide_1.7.0/stm32cubeide/plugins/com.st.stm32cube.ide.mcu.externaltools.gnu-tools-for-stm32.9-2020-q2-update.win32_2.0.0.202105311346/tools/bin/../lib/gcc/arm-none-eabi/9.3.1/../../../../arm-none-eabi/lib/thumb/v7-m/nofp\libc_nano.a(lib_a-nano-mallocr.o)
 .ARM.attributes
                0x0000000000000680       0x2d d:/app/stm32cubeide_1.7.0/stm32cubeide/plugins/com.st.stm32cube.ide.mcu.externaltools.gnu-tools-for-stm32.9-2020-q2-update.win32_2.0.0.202105311346/tools/bin/../lib/gcc/arm-none-eabi/9.3.1/../../../../arm-none-eabi/lib/thumb/v7-m/nofp\libc_nano.a(lib_a-nano-reallocr.o)
 .ARM.attributes
                0x00000000000006ad       0x2d d:/app/stm32cubeide_1.7.0/stm32cubeide/plugins/com.st.stm32cube.ide.mcu.externaltools.gnu-tools-for-stm32.9-2020-q2-update.win32_2.0.0.202105311346/tools/bin/../lib/gcc/arm-none-eabi/9.3.1/../../../../arm-none-eabi/lib/thumb/v7-m/nofp\libc_nano.a(lib_a-sbrkr.o)
 .ARM.attributes
                0x00000000000006da       0x2d d:/app/stm32cubeide_1.7.0/stm32cubeide/plugins/com.st.stm32cube.ide.mcu.externaltools.gnu-tools-for-stm32.9-2020-q2-update.win32_2.0.0.202105311346/tools/bin/../lib/gcc/arm-none-eabi/9.3.1/../../../../arm-none-eabi/lib/thumb/v7-m/nofp\libc_nano.a(lib_a-mlock.o)
 .ARM.attributes
                0x0000000000000707       0x2d d:/app/stm32cubeide_1.7.0/stm32cubeide/plugins/com.st.stm32cube.ide.mcu.externaltools.gnu-tools-for-stm32.9-2020-q2-update.win32_2.0.0.202105311346/tools/bin/../lib/gcc/arm-none-eabi/9.3.1/../../../../arm-none-eabi/lib/thumb/v7-m/nofp\libc_nano.a(lib_a-nano-msizer.o)
 .ARM.attributes
                0x0000000000000734       0x2d d:/app/stm32cubeide_1.7.0/stm32cubeide/plugins/com.st.stm32cube.ide.mcu.externaltools.gnu-tools-for-stm32.9-2020-q2-update.win32_2.0.0.202105311346/tools/bin/../lib/gcc/arm-none-eabi/9.3.1/../../../../arm-none-eabi/lib/thumb/v7-m/nofp\libc_nano.a(lib_a-reent.o)
 .ARM.attributes
                0x0000000000000761       0x2d d:/app/stm32cubeide_1.7.0/stm32cubeide/plugins/com.st.stm32cube.ide.mcu.externaltools.gnu-tools-for-stm32.9-2020-q2-update.win32_2.0.0.202105311346/tools/bin/../lib/gcc/arm-none-eabi/9.3.1/../../../../arm-none-eabi/lib/thumb/v7-m/nofp\libc_nano.a(lib_a-lock.o)
 .ARM.attributes
                0x000000000000078e       0x1d d:/app/stm32cubeide_1.7.0/stm32cubeide/plugins/com.st.stm32cube.ide.mcu.externaltools.gnu-tools-for-stm32.9-2020-q2-update.win32_2.0.0.202105311346/tools/bin/../lib/gcc/arm-none-eabi/9.3.1/thumb/v7-m/nofp/crtn.o
OUTPUT(MCU_BTL.elf elf32-littlearm)
LOAD linker stubs
LOAD d:/app/stm32cubeide_1.7.0/stm32cubeide/plugins/com.st.stm32cube.ide.mcu.externaltools.gnu-tools-for-stm32.9-2020-q2-update.win32_2.0.0.202105311346/tools/bin/../lib/gcc/arm-none-eabi/9.3.1/../../../../arm-none-eabi/lib/thumb/v7-m/nofp\libc.a
LOAD d:/app/stm32cubeide_1.7.0/stm32cubeide/plugins/com.st.stm32cube.ide.mcu.externaltools.gnu-tools-for-stm32.9-2020-q2-update.win32_2.0.0.202105311346/tools/bin/../lib/gcc/arm-none-eabi/9.3.1/../../../../arm-none-eabi/lib/thumb/v7-m/nofp\libm.a
LOAD d:/app/stm32cubeide_1.7.0/stm32cubeide/plugins/com.st.stm32cube.ide.mcu.externaltools.gnu-tools-for-stm32.9-2020-q2-update.win32_2.0.0.202105311346/tools/bin/../lib/gcc/arm-none-eabi/9.3.1/thumb/v7-m/nofp\libgcc.a

.debug_info     0x0000000000000000    0x17190
 .debug_info    0x0000000000000000     0x1214 ./Core/Src/LCD_I2C.o
 .debug_info    0x0000000000001214      0xf8a ./Core/Src/SCH_Task.o
 .debug_info    0x000000000000219e     0x146e ./Core/Src/Scheduler.o
 .debug_info    0x000000000000360c     0x1533 ./Core/Src/fsm_input_driven.o
 .debug_info    0x0000000000004b3f     0x1723 ./Core/Src/fsm_run.o
 .debug_info    0x0000000000006262      0xdde ./Core/Src/global.o
 .debug_info    0x0000000000007040      0xe06 ./Core/Src/input_reading.o
 .debug_info    0x0000000000007e46     0x1c6a ./Core/Src/main.o
 .debug_info    0x0000000000009ab0      0xe68 ./Core/Src/stm32f1xx_hal_msp.o
 .debug_info    0x000000000000a918     0x170d ./Core/Src/stm32f1xx_it.o
 .debug_info    0x000000000000c025      0xa25 ./Core/Src/sysmem.o
 .debug_info    0x000000000000ca4a      0x2be ./Core/Src/system_stm32f1xx.o
 .debug_info    0x000000000000cd08      0xd22 ./Core/Src/traffic_light.o
 .debug_info    0x000000000000da2a       0x22 ./Core/Startup/startup_stm32f103rbtx.o
 .debug_info    0x000000000000da4c      0x76a ./Drivers/STM32F1xx_HAL_Driver/Src/stm32f1xx_hal.o
 .debug_info    0x000000000000e1b6      0xbdc ./Drivers/STM32F1xx_HAL_Driver/Src/stm32f1xx_hal_cortex.o
 .debug_info    0x000000000000ed92      0x823 ./Drivers/STM32F1xx_HAL_Driver/Src/stm32f1xx_hal_dma.o
 .debug_info    0x000000000000f5b5      0x701 ./Drivers/STM32F1xx_HAL_Driver/Src/stm32f1xx_hal_gpio.o
 .debug_info    0x000000000000fcb6     0x27cb ./Drivers/STM32F1xx_HAL_Driver/Src/stm32f1xx_hal_i2c.o
 .debug_info    0x0000000000012481      0x2cb ./Drivers/STM32F1xx_HAL_Driver/Src/stm32f1xx_hal_iwdg.o
 .debug_info    0x000000000001274c      0x893 ./Drivers/STM32F1xx_HAL_Driver/Src/stm32f1xx_hal_rcc.o
 .debug_info    0x0000000000012fdf     0x2c32 ./Drivers/STM32F1xx_HAL_Driver/Src/stm32f1xx_hal_tim.o
 .debug_info    0x0000000000015c11     0x157f ./Drivers/STM32F1xx_HAL_Driver/Src/stm32f1xx_hal_tim_ex.o

.debug_abbrev   0x0000000000000000     0x312a
 .debug_abbrev  0x0000000000000000      0x257 ./Core/Src/LCD_I2C.o
 .debug_abbrev  0x0000000000000257      0x229 ./Core/Src/SCH_Task.o
 .debug_abbrev  0x0000000000000480      0x2fa ./Core/Src/Scheduler.o
 .debug_abbrev  0x000000000000077a      0x235 ./Core/Src/fsm_input_driven.o
 .debug_abbrev  0x00000000000009af      0x25c ./Core/Src/fsm_run.o
 .debug_abbrev  0x0000000000000c0b      0x235 ./Core/Src/global.o
 .debug_abbrev  0x0000000000000e40      0x267 ./Core/Src/input_reading.o
 .debug_abbrev  0x00000000000010a7      0x2f9 ./Core/Src/main.o
 .debug_abbrev  0x00000000000013a0      0x1c8 ./Core/Src/stm32f1xx_hal_msp.o
 .debug_abbrev  0x0000000000001568      0x287 ./Core/Src/stm32f1xx_it.o
 .debug_abbrev  0x00000000000017ef      0x1bf ./Core/Src/sysmem.o
 .debug_abbrev  0x00000000000019ae      0x14e ./Core/Src/system_stm32f1xx.o
 .debug_abbrev  0x0000000000001afc      0x1fb ./Core/Src/traffic_light.o
 .debug_abbrev  0x0000000000001cf7       0x12 ./Core/Startup/startup_stm32f103rbtx.o
 .debug_abbrev  0x0000000000001d09      0x1ed ./Drivers/STM32F1xx_HAL_Driver/Src/stm32f1xx_hal.o
 .debug_abbrev  0x0000000000001ef6      0x313 ./Drivers/STM32F1xx_HAL_Driver/Src/stm32f1xx_hal_cortex.o
 .debug_abbrev  0x0000000000002209      0x228 ./Drivers/STM32F1xx_HAL_Driver/Src/stm32f1xx_hal_dma.o
 .debug_abbrev  0x0000000000002431      0x1e8 ./Drivers/STM32F1xx_HAL_Driver/Src/stm32f1xx_hal_gpio.o
 .debug_abbrev  0x0000000000002619      0x288 ./Drivers/STM32F1xx_HAL_Driver/Src/stm32f1xx_hal_i2c.o
 .debug_abbrev  0x00000000000028a1      0x152 ./Drivers/STM32F1xx_HAL_Driver/Src/stm32f1xx_hal_iwdg.o
 .debug_abbrev  0x00000000000029f3      0x273 ./Drivers/STM32F1xx_HAL_Driver/Src/stm32f1xx_hal_rcc.o
 .debug_abbrev  0x0000000000002c66      0x25e ./Drivers/STM32F1xx_HAL_Driver/Src/stm32f1xx_hal_tim.o
 .debug_abbrev  0x0000000000002ec4      0x266 ./Drivers/STM32F1xx_HAL_Driver/Src/stm32f1xx_hal_tim_ex.o

.debug_aranges  0x0000000000000000      0xe90
 .debug_aranges
                0x0000000000000000       0x48 ./Core/Src/LCD_I2C.o
 .debug_aranges
                0x0000000000000048       0x50 ./Core/Src/SCH_Task.o
 .debug_aranges
                0x0000000000000098       0x50 ./Core/Src/Scheduler.o
 .debug_aranges
                0x00000000000000e8       0x30 ./Core/Src/fsm_input_driven.o
 .debug_aranges
                0x0000000000000118       0x28 ./Core/Src/fsm_run.o
 .debug_aranges
                0x0000000000000140       0x28 ./Core/Src/global.o
 .debug_aranges
                0x0000000000000168       0x40 ./Core/Src/input_reading.o
 .debug_aranges
                0x00000000000001a8       0x50 ./Core/Src/main.o
 .debug_aranges
                0x00000000000001f8       0x40 ./Core/Src/stm32f1xx_hal_msp.o
 .debug_aranges
                0x0000000000000238       0x78 ./Core/Src/stm32f1xx_it.o
 .debug_aranges
                0x00000000000002b0       0x20 ./Core/Src/sysmem.o
 .debug_aranges
                0x00000000000002d0       0x28 ./Core/Src/system_stm32f1xx.o
 .debug_aranges
                0x00000000000002f8       0x20 ./Core/Src/traffic_light.o
 .debug_aranges
                0x0000000000000318       0x28 ./Core/Startup/startup_stm32f103rbtx.o
 .debug_aranges
                0x0000000000000340       0xe0 ./Drivers/STM32F1xx_HAL_Driver/Src/stm32f1xx_hal.o
 .debug_aranges
                0x0000000000000420      0x100 ./Drivers/STM32F1xx_HAL_Driver/Src/stm32f1xx_hal_cortex.o
 .debug_aranges
                0x0000000000000520       0x80 ./Drivers/STM32F1xx_HAL_Driver/Src/stm32f1xx_hal_dma.o
 .debug_aranges
                0x00000000000005a0       0x58 ./Drivers/STM32F1xx_HAL_Driver/Src/stm32f1xx_hal_gpio.o
 .debug_aranges
                0x00000000000005f8      0x2a8 ./Drivers/STM32F1xx_HAL_Driver/Src/stm32f1xx_hal_i2c.o
 .debug_aranges
                0x00000000000008a0       0x28 ./Drivers/STM32F1xx_HAL_Driver/Src/stm32f1xx_hal_iwdg.o
 .debug_aranges
                0x00000000000008c8       0x90 ./Drivers/STM32F1xx_HAL_Driver/Src/stm32f1xx_hal_rcc.o
 .debug_aranges
                0x0000000000000958      0x3d0 ./Drivers/STM32F1xx_HAL_Driver/Src/stm32f1xx_hal_tim.o
 .debug_aranges
                0x0000000000000d28      0x168 ./Drivers/STM32F1xx_HAL_Driver/Src/stm32f1xx_hal_tim_ex.o

.debug_ranges   0x0000000000000000      0xd40
 .debug_ranges  0x0000000000000000       0x38 ./Core/Src/LCD_I2C.o
 .debug_ranges  0x0000000000000038       0x40 ./Core/Src/SCH_Task.o
 .debug_ranges  0x0000000000000078       0x40 ./Core/Src/Scheduler.o
 .debug_ranges  0x00000000000000b8       0x20 ./Core/Src/fsm_input_driven.o
 .debug_ranges  0x00000000000000d8       0x18 ./Core/Src/fsm_run.o
 .debug_ranges  0x00000000000000f0       0x18 ./Core/Src/global.o
 .debug_ranges  0x0000000000000108       0x30 ./Core/Src/input_reading.o
 .debug_ranges  0x0000000000000138       0x40 ./Core/Src/main.o
 .debug_ranges  0x0000000000000178       0x30 ./Core/Src/stm32f1xx_hal_msp.o
 .debug_ranges  0x00000000000001a8       0x68 ./Core/Src/stm32f1xx_it.o
 .debug_ranges  0x0000000000000210       0x10 ./Core/Src/sysmem.o
 .debug_ranges  0x0000000000000220       0x18 ./Core/Src/system_stm32f1xx.o
 .debug_ranges  0x0000000000000238       0x10 ./Core/Src/traffic_light.o
 .debug_ranges  0x0000000000000248       0x20 ./Core/Startup/startup_stm32f103rbtx.o
 .debug_ranges  0x0000000000000268       0xd0 ./Drivers/STM32F1xx_HAL_Driver/Src/stm32f1xx_hal.o
 .debug_ranges  0x0000000000000338       0xf0 ./Drivers/STM32F1xx_HAL_Driver/Src/stm32f1xx_hal_cortex.o
 .debug_ranges  0x0000000000000428       0x70 ./Drivers/STM32F1xx_HAL_Driver/Src/stm32f1xx_hal_dma.o
 .debug_ranges  0x0000000000000498       0x48 ./Drivers/STM32F1xx_HAL_Driver/Src/stm32f1xx_hal_gpio.o
 .debug_ranges  0x00000000000004e0      0x2b0 ./Drivers/STM32F1xx_HAL_Driver/Src/stm32f1xx_hal_i2c.o
 .debug_ranges  0x0000000000000790       0x18 ./Drivers/STM32F1xx_HAL_Driver/Src/stm32f1xx_hal_iwdg.o
 .debug_ranges  0x00000000000007a8       0x80 ./Drivers/STM32F1xx_HAL_Driver/Src/stm32f1xx_hal_rcc.o
 .debug_ranges  0x0000000000000828      0x3c0 ./Drivers/STM32F1xx_HAL_Driver/Src/stm32f1xx_hal_tim.o
 .debug_ranges  0x0000000000000be8      0x158 ./Drivers/STM32F1xx_HAL_Driver/Src/stm32f1xx_hal_tim_ex.o

.debug_macro    0x0000000000000000    0x19fde
 .debug_macro   0x0000000000000000      0x398 ./Core/Src/LCD_I2C.o
 .debug_macro   0x0000000000000398      0xa9c ./Core/Src/LCD_I2C.o
 .debug_macro   0x0000000000000e34      0x221 ./Core/Src/LCD_I2C.o
 .debug_macro   0x0000000000001055       0x2e ./Core/Src/LCD_I2C.o
 .debug_macro   0x0000000000001083       0x22 ./Core/Src/LCD_I2C.o
 .debug_macro   0x00000000000010a5       0x22 ./Core/Src/LCD_I2C.o
 .debug_macro   0x00000000000010c7       0x8e ./Core/Src/LCD_I2C.o
 .debug_macro   0x0000000000001155       0x51 ./Core/Src/LCD_I2C.o
 .debug_macro   0x00000000000011a6      0x103 ./Core/Src/LCD_I2C.o
 .debug_macro   0x00000000000012a9       0x6a ./Core/Src/LCD_I2C.o
 .debug_macro   0x0000000000001313      0x1df ./Core/Src/LCD_I2C.o
 .debug_macro   0x00000000000014f2       0x1c ./Core/Src/LCD_I2C.o
 .debug_macro   0x000000000000150e       0x22 ./Core/Src/LCD_I2C.o
 .debug_macro   0x0000000000001530       0xc3 ./Core/Src/LCD_I2C.o
 .debug_macro   0x00000000000015f3      0xd23 ./Core/Src/LCD_I2C.o
 .debug_macro   0x0000000000002316     0xe09e ./Core/Src/LCD_I2C.o
 .debug_macro   0x00000000000103b4       0x6d ./Core/Src/LCD_I2C.o
 .debug_macro   0x0000000000010421     0x34a2 ./Core/Src/LCD_I2C.o
 .debug_macro   0x00000000000138c3      0x174 ./Core/Src/LCD_I2C.o
 .debug_macro   0x0000000000013a37       0x5c ./Core/Src/LCD_I2C.o
 .debug_macro   0x0000000000013a93      0x5bc ./Core/Src/LCD_I2C.o
 .debug_macro   0x000000000001404f      0x289 ./Core/Src/LCD_I2C.o
 .debug_macro   0x00000000000142d8      0x1cb ./Core/Src/LCD_I2C.o
 .debug_macro   0x00000000000144a3      0x114 ./Core/Src/LCD_I2C.o
 .debug_macro   0x00000000000145b7      0x1b2 ./Core/Src/LCD_I2C.o
 .debug_macro   0x0000000000014769       0x27 ./Core/Src/LCD_I2C.o
 .debug_macro   0x0000000000014790      0x136 ./Core/Src/LCD_I2C.o
 .debug_macro   0x00000000000148c6      0x1bc ./Core/Src/LCD_I2C.o
 .debug_macro   0x0000000000014a82       0x34 ./Core/Src/LCD_I2C.o
 .debug_macro   0x0000000000014ab6       0x3c ./Core/Src/LCD_I2C.o
 .debug_macro   0x0000000000014af2       0x57 ./Core/Src/LCD_I2C.o
 .debug_macro   0x0000000000014b49       0x87 ./Core/Src/LCD_I2C.o
 .debug_macro   0x0000000000014bd0      0x240 ./Core/Src/LCD_I2C.o
 .debug_macro   0x0000000000014e10      0x287 ./Core/Src/LCD_I2C.o
 .debug_macro   0x0000000000015097       0x78 ./Core/Src/LCD_I2C.o
 .debug_macro   0x000000000001510f      0x140 ./Core/Src/LCD_I2C.o
 .debug_macro   0x000000000001524f      0x8ed ./Core/Src/LCD_I2C.o
 .debug_macro   0x0000000000015b3c       0x83 ./Core/Src/LCD_I2C.o
 .debug_macro   0x0000000000015bbf       0x94 ./Core/Src/LCD_I2C.o
 .debug_macro   0x0000000000015c53       0x18 ./Core/Src/LCD_I2C.o
 .debug_macro   0x0000000000015c6b       0x52 ./Core/Src/LCD_I2C.o
 .debug_macro   0x0000000000015cbd       0x3c ./Core/Src/LCD_I2C.o
 .debug_macro   0x0000000000015cf9       0x34 ./Core/Src/LCD_I2C.o
 .debug_macro   0x0000000000015d2d       0x16 ./Core/Src/LCD_I2C.o
 .debug_macro   0x0000000000015d43       0x35 ./Core/Src/LCD_I2C.o
 .debug_macro   0x0000000000015d78       0x16 ./Core/Src/LCD_I2C.o
 .debug_macro   0x0000000000015d8e       0x43 ./Core/Src/LCD_I2C.o
 .debug_macro   0x0000000000015dd1       0x34 ./Core/Src/LCD_I2C.o
 .debug_macro   0x0000000000015e05       0x10 ./Core/Src/LCD_I2C.o
 .debug_macro   0x0000000000015e15       0x58 ./Core/Src/LCD_I2C.o
 .debug_macro   0x0000000000015e6d       0x71 ./Core/Src/LCD_I2C.o
 .debug_macro   0x0000000000015ede       0x1c ./Core/Src/LCD_I2C.o
 .debug_macro   0x0000000000015efa      0x12a ./Core/Src/LCD_I2C.o
 .debug_macro   0x0000000000016024      0x333 ./Core/Src/LCD_I2C.o
 .debug_macro   0x0000000000016357       0x16 ./Core/Src/LCD_I2C.o
 .debug_macro   0x000000000001636d       0x29 ./Core/Src/LCD_I2C.o
 .debug_macro   0x0000000000016396       0x1c ./Core/Src/LCD_I2C.o
 .debug_macro   0x00000000000163b2       0x10 ./Core/Src/LCD_I2C.o
 .debug_macro   0x00000000000163c2       0x10 ./Core/Src/LCD_I2C.o
 .debug_macro   0x00000000000163d2       0x1c ./Core/Src/LCD_I2C.o
 .debug_macro   0x00000000000163ee       0x52 ./Core/Src/LCD_I2C.o
 .debug_macro   0x0000000000016440       0x22 ./Core/Src/LCD_I2C.o
 .debug_macro   0x0000000000016462       0x10 ./Core/Src/LCD_I2C.o
 .debug_macro   0x0000000000016472       0x40 ./Core/Src/LCD_I2C.o
 .debug_macro   0x00000000000164b2       0xd5 ./Core/Src/LCD_I2C.o
 .debug_macro   0x0000000000016587       0x1c ./Core/Src/LCD_I2C.o
 .debug_macro   0x00000000000165a3       0x3d ./Core/Src/LCD_I2C.o
 .debug_macro   0x00000000000165e0       0x16 ./Core/Src/LCD_I2C.o
 .debug_macro   0x00000000000165f6      0x145 ./Core/Src/LCD_I2C.o
 .debug_macro   0x000000000001673b       0x16 ./Core/Src/LCD_I2C.o
 .debug_macro   0x0000000000016751       0x20 ./Core/Src/LCD_I2C.o
 .debug_macro   0x0000000000016771       0x70 ./Core/Src/LCD_I2C.o
 .debug_macro   0x00000000000167e1      0x3b8 ./Core/Src/SCH_Task.o
 .debug_macro   0x0000000000016b99      0x3ac ./Core/Src/Scheduler.o
 .debug_macro   0x0000000000016f45      0x3b9 ./Core/Src/fsm_input_driven.o
 .debug_macro   0x00000000000172fe       0x10 ./Core/Src/fsm_input_driven.o
 .debug_macro   0x000000000001730e      0x3cd ./Core/Src/fsm_run.o
 .debug_macro   0x00000000000176db      0x388 ./Core/Src/global.o
 .debug_macro   0x0000000000017a63      0x3b4 ./Core/Src/input_reading.o
 .debug_macro   0x0000000000017e17      0x3e1 ./Core/Src/main.o
 .debug_macro   0x00000000000181f8      0x1bc ./Core/Src/stm32f1xx_hal_msp.o
 .debug_macro   0x00000000000183b4      0x3a0 ./Core/Src/stm32f1xx_it.o
 .debug_macro   0x0000000000018754       0xff ./Core/Src/sysmem.o
 .debug_macro   0x0000000000018853      0x23b ./Core/Src/sysmem.o
 .debug_macro   0x0000000000018a8e      0x1ad ./Core/Src/system_stm32f1xx.o
 .debug_macro   0x0000000000018c3b      0x392 ./Core/Src/traffic_light.o
 .debug_macro   0x0000000000018fcd      0x1d1 ./Drivers/STM32F1xx_HAL_Driver/Src/stm32f1xx_hal.o
 .debug_macro   0x000000000001919e      0x1ad ./Drivers/STM32F1xx_HAL_Driver/Src/stm32f1xx_hal_cortex.o
 .debug_macro   0x000000000001934b      0x1ad ./Drivers/STM32F1xx_HAL_Driver/Src/stm32f1xx_hal_dma.o
 .debug_macro   0x00000000000194f8      0x218 ./Drivers/STM32F1xx_HAL_Driver/Src/stm32f1xx_hal_gpio.o
 .debug_macro   0x0000000000019710      0x1fb ./Drivers/STM32F1xx_HAL_Driver/Src/stm32f1xx_hal_i2c.o
 .debug_macro   0x000000000001990b      0x1b9 ./Drivers/STM32F1xx_HAL_Driver/Src/stm32f1xx_hal_iwdg.o
 .debug_macro   0x0000000000019ac4      0x1bf ./Drivers/STM32F1xx_HAL_Driver/Src/stm32f1xx_hal_rcc.o
 .debug_macro   0x0000000000019c83      0x1ae ./Drivers/STM32F1xx_HAL_Driver/Src/stm32f1xx_hal_tim.o
 .debug_macro   0x0000000000019e31      0x1ad ./Drivers/STM32F1xx_HAL_Driver/Src/stm32f1xx_hal_tim_ex.o

.debug_line     0x0000000000000000    0x1433b
 .debug_line    0x0000000000000000      0x9aa ./Core/Src/LCD_I2C.o
 .debug_line    0x00000000000009aa      0xb0a ./Core/Src/SCH_Task.o
 .debug_line    0x00000000000014b4      0xa63 ./Core/Src/Scheduler.o
 .debug_line    0x0000000000001f17      0xb6a ./Core/Src/fsm_input_driven.o
 .debug_line    0x0000000000002a81      0xa93 ./Core/Src/fsm_run.o
 .debug_line    0x0000000000003514      0x922 ./Core/Src/global.o
 .debug_line    0x0000000000003e36      0xb55 ./Core/Src/input_reading.o
 .debug_line    0x000000000000498b      0xaf0 ./Core/Src/main.o
 .debug_line    0x000000000000547b      0x722 ./Core/Src/stm32f1xx_hal_msp.o
 .debug_line    0x0000000000005b9d      0xa3b ./Core/Src/stm32f1xx_it.o
 .debug_line    0x00000000000065d8      0x4fd ./Core/Src/sysmem.o
 .debug_line    0x0000000000006ad5      0x716 ./Core/Src/system_stm32f1xx.o
 .debug_line    0x00000000000071eb      0x948 ./Core/Src/traffic_light.o
 .debug_line    0x0000000000007b33       0x86 ./Core/Startup/startup_stm32f103rbtx.o
 .debug_line    0x0000000000007bb9      0x943 ./Drivers/STM32F1xx_HAL_Driver/Src/stm32f1xx_hal.o
 .debug_line    0x00000000000084fc      0xb2b ./Drivers/STM32F1xx_HAL_Driver/Src/stm32f1xx_hal_cortex.o
 .debug_line    0x0000000000009027      0xd9c ./Drivers/STM32F1xx_HAL_Driver/Src/stm32f1xx_hal_dma.o
 .debug_line    0x0000000000009dc3      0x9dc ./Drivers/STM32F1xx_HAL_Driver/Src/stm32f1xx_hal_gpio.o
 .debug_line    0x000000000000a79f     0x3ad9 ./Drivers/STM32F1xx_HAL_Driver/Src/stm32f1xx_hal_i2c.o
 .debug_line    0x000000000000e278      0x70e ./Drivers/STM32F1xx_HAL_Driver/Src/stm32f1xx_hal_iwdg.o
 .debug_line    0x000000000000e986      0xd4f ./Drivers/STM32F1xx_HAL_Driver/Src/stm32f1xx_hal_rcc.o
 .debug_line    0x000000000000f6d5     0x33dd ./Drivers/STM32F1xx_HAL_Driver/Src/stm32f1xx_hal_tim.o
 .debug_line    0x0000000000012ab2     0x1889 ./Drivers/STM32F1xx_HAL_Driver/Src/stm32f1xx_hal_tim_ex.o

.debug_str      0x0000000000000000    0x8c23e
 .debug_str     0x0000000000000000    0x8805f ./Core/Src/LCD_I2C.o
                                      0x884b6 (size before relaxing)
 .debug_str     0x000000000008805f      0x22e ./Core/Src/SCH_Task.o
                                      0x8822d (size before relaxing)
 .debug_str     0x000000000008828d      0x41a ./Core/Src/Scheduler.o
                                      0x88623 (size before relaxing)
 .debug_str     0x00000000000886a7       0x64 ./Core/Src/fsm_input_driven.o
                                      0x88767 (size before relaxing)
 .debug_str     0x000000000008870b       0xa6 ./Core/Src/fsm_run.o
                                      0x887cf (size before relaxing)
 .debug_str     0x00000000000887b1       0x5e ./Core/Src/global.o
                                      0x880aa (size before relaxing)
 .debug_str     0x000000000008880f      0x165 ./Core/Src/input_reading.o
                                      0x8816b (size before relaxing)
 .debug_str     0x0000000000088974      0x2bb ./Core/Src/main.o
                                      0x88ca0 (size before relaxing)
 .debug_str     0x0000000000088c2f      0x311 ./Core/Src/stm32f1xx_hal_msp.o
                                      0x845bf (size before relaxing)
 .debug_str     0x0000000000088f40       0xe0 ./Core/Src/stm32f1xx_it.o
                                      0x8884d (size before relaxing)
 .debug_str     0x0000000000089020      0x4e9 ./Core/Src/sysmem.o
                                       0x6278 (size before relaxing)
 .debug_str     0x0000000000089509       0x52 ./Core/Src/system_stm32f1xx.o
                                      0x838d6 (size before relaxing)
 .debug_str     0x000000000008955b       0x2d ./Core/Src/traffic_light.o
                                      0x8807b (size before relaxing)
 .debug_str     0x0000000000089588       0x36 ./Core/Startup/startup_stm32f103rbtx.o
                                         0x8c (size before relaxing)
 .debug_str     0x00000000000895be      0x304 ./Drivers/STM32F1xx_HAL_Driver/Src/stm32f1xx_hal.o
                                      0x83f67 (size before relaxing)
 .debug_str     0x00000000000898c2      0x2a6 ./Drivers/STM32F1xx_HAL_Driver/Src/stm32f1xx_hal_cortex.o
                                      0x83f6f (size before relaxing)
 .debug_str     0x0000000000089b68      0x235 ./Drivers/STM32F1xx_HAL_Driver/Src/stm32f1xx_hal_dma.o
                                      0x83cb1 (size before relaxing)
 .debug_str     0x0000000000089d9d      0x311 ./Drivers/STM32F1xx_HAL_Driver/Src/stm32f1xx_hal_gpio.o
                                      0x83c9a (size before relaxing)
 .debug_str     0x000000000008a0ae      0xb95 ./Drivers/STM32F1xx_HAL_Driver/Src/stm32f1xx_hal_i2c.o
                                      0x84965 (size before relaxing)
 .debug_str     0x000000000008ac43       0xfc ./Drivers/STM32F1xx_HAL_Driver/Src/stm32f1xx_hal_iwdg.o
                                      0x839d3 (size before relaxing)
 .debug_str     0x000000000008ad3f      0x244 ./Drivers/STM32F1xx_HAL_Driver/Src/stm32f1xx_hal_rcc.o
                                      0x83cd3 (size before relaxing)
 .debug_str     0x000000000008af83      0xdcd ./Drivers/STM32F1xx_HAL_Driver/Src/stm32f1xx_hal_tim.o
                                      0x84cbc (size before relaxing)
 .debug_str     0x000000000008bd50      0x4ee ./Drivers/STM32F1xx_HAL_Driver/Src/stm32f1xx_hal_tim_ex.o
                                      0x8445d (size before relaxing)

.comment        0x0000000000000000       0x53
 .comment       0x0000000000000000       0x53 ./Core/Src/LCD_I2C.o
                                         0x54 (size before relaxing)
 .comment       0x0000000000000053       0x54 ./Core/Src/SCH_Task.o
 .comment       0x0000000000000053       0x54 ./Core/Src/Scheduler.o
 .comment       0x0000000000000053       0x54 ./Core/Src/fsm_input_driven.o
 .comment       0x0000000000000053       0x54 ./Core/Src/fsm_run.o
 .comment       0x0000000000000053       0x54 ./Core/Src/global.o
 .comment       0x0000000000000053       0x54 ./Core/Src/input_reading.o
 .comment       0x0000000000000053       0x54 ./Core/Src/main.o
 .comment       0x0000000000000053       0x54 ./Core/Src/stm32f1xx_hal_msp.o
 .comment       0x0000000000000053       0x54 ./Core/Src/stm32f1xx_it.o
 .comment       0x0000000000000053       0x54 ./Core/Src/sysmem.o
 .comment       0x0000000000000053       0x54 ./Core/Src/system_stm32f1xx.o
 .comment       0x0000000000000053       0x54 ./Core/Src/traffic_light.o
 .comment       0x0000000000000053       0x54 ./Drivers/STM32F1xx_HAL_Driver/Src/stm32f1xx_hal.o
 .comment       0x0000000000000053       0x54 ./Drivers/STM32F1xx_HAL_Driver/Src/stm32f1xx_hal_cortex.o
 .comment       0x0000000000000053       0x54 ./Drivers/STM32F1xx_HAL_Driver/Src/stm32f1xx_hal_dma.o
 .comment       0x0000000000000053       0x54 ./Drivers/STM32F1xx_HAL_Driver/Src/stm32f1xx_hal_gpio.o
 .comment       0x0000000000000053       0x54 ./Drivers/STM32F1xx_HAL_Driver/Src/stm32f1xx_hal_i2c.o
 .comment       0x0000000000000053       0x54 ./Drivers/STM32F1xx_HAL_Driver/Src/stm32f1xx_hal_iwdg.o
 .comment       0x0000000000000053       0x54 ./Drivers/STM32F1xx_HAL_Driver/Src/stm32f1xx_hal_rcc.o
 .comment       0x0000000000000053       0x54 ./Drivers/STM32F1xx_HAL_Driver/Src/stm32f1xx_hal_tim.o
 .comment       0x0000000000000053       0x54 ./Drivers/STM32F1xx_HAL_Driver/Src/stm32f1xx_hal_tim_ex.o

.debug_frame    0x0000000000000000     0x3e84
 .debug_frame   0x0000000000000000       0xd8 ./Core/Src/LCD_I2C.o
 .debug_frame   0x00000000000000d8       0xe4 ./Core/Src/SCH_Task.o
 .debug_frame   0x00000000000001bc      0x108 ./Core/Src/Scheduler.o
 .debug_frame   0x00000000000002c4       0x6c ./Core/Src/fsm_input_driven.o
 .debug_frame   0x0000000000000330       0x4c ./Core/Src/fsm_run.o
 .debug_frame   0x000000000000037c       0x5c ./Core/Src/global.o
 .debug_frame   0x00000000000003d8       0xb8 ./Core/Src/input_reading.o
 .debug_frame   0x0000000000000490       0xec ./Core/Src/main.o
 .debug_frame   0x000000000000057c       0xc8 ./Core/Src/stm32f1xx_hal_msp.o
 .debug_frame   0x0000000000000644      0x15c ./Core/Src/stm32f1xx_it.o
 .debug_frame   0x00000000000007a0       0x34 ./Core/Src/sysmem.o
 .debug_frame   0x00000000000007d4       0x58 ./Core/Src/system_stm32f1xx.o
 .debug_frame   0x000000000000082c       0x34 ./Core/Src/traffic_light.o
 .debug_frame   0x0000000000000860      0x334 ./Drivers/STM32F1xx_HAL_Driver/Src/stm32f1xx_hal.o
 .debug_frame   0x0000000000000b94      0x428 ./Drivers/STM32F1xx_HAL_Driver/Src/stm32f1xx_hal_cortex.o
 .debug_frame   0x0000000000000fbc      0x208 ./Drivers/STM32F1xx_HAL_Driver/Src/stm32f1xx_hal_dma.o
 .debug_frame   0x00000000000011c4      0x14c ./Drivers/STM32F1xx_HAL_Driver/Src/stm32f1xx_hal_gpio.o
 .debug_frame   0x0000000000001310      0xc84 ./Drivers/STM32F1xx_HAL_Driver/Src/stm32f1xx_hal_i2c.o
 .debug_frame   0x0000000000001f94       0x5c ./Drivers/STM32F1xx_HAL_Driver/Src/stm32f1xx_hal_iwdg.o
 .debug_frame   0x0000000000001ff0      0x218 ./Drivers/STM32F1xx_HAL_Driver/Src/stm32f1xx_hal_rcc.o
 .debug_frame   0x0000000000002208     0x11b8 ./Drivers/STM32F1xx_HAL_Driver/Src/stm32f1xx_hal_tim.o
 .debug_frame   0x00000000000033c0      0x638 ./Drivers/STM32F1xx_HAL_Driver/Src/stm32f1xx_hal_tim_ex.o
 .debug_frame   0x00000000000039f8       0x20 d:/app/stm32cubeide_1.7.0/stm32cubeide/plugins/com.st.stm32cube.ide.mcu.externaltools.gnu-tools-for-stm32.9-2020-q2-update.win32_2.0.0.202105311346/tools/bin/../lib/gcc/arm-none-eabi/9.3.1/../../../../arm-none-eabi/lib/thumb/v7-m/nofp\libc_nano.a(lib_a-errno.o)
 .debug_frame   0x0000000000003a18       0x2c d:/app/stm32cubeide_1.7.0/stm32cubeide/plugins/com.st.stm32cube.ide.mcu.externaltools.gnu-tools-for-stm32.9-2020-q2-update.win32_2.0.0.202105311346/tools/bin/../lib/gcc/arm-none-eabi/9.3.1/../../../../arm-none-eabi/lib/thumb/v7-m/nofp\libc_nano.a(lib_a-init.o)
 .debug_frame   0x0000000000003a44       0x20 d:/app/stm32cubeide_1.7.0/stm32cubeide/plugins/com.st.stm32cube.ide.mcu.externaltools.gnu-tools-for-stm32.9-2020-q2-update.win32_2.0.0.202105311346/tools/bin/../lib/gcc/arm-none-eabi/9.3.1/../../../../arm-none-eabi/lib/thumb/v7-m/nofp\libc_nano.a(lib_a-memset.o)
 .debug_frame   0x0000000000003a64       0x6c d:/app/stm32cubeide_1.7.0/stm32cubeide/plugins/com.st.stm32cube.ide.mcu.externaltools.gnu-tools-for-stm32.9-2020-q2-update.win32_2.0.0.202105311346/tools/bin/../lib/gcc/arm-none-eabi/9.3.1/../../../../arm-none-eabi/lib/thumb/v7-m/nofp\libc_nano.a(lib_a-sprintf.o)
 .debug_frame   0x0000000000003ad0       0x20 d:/app/stm32cubeide_1.7.0/stm32cubeide/plugins/com.st.stm32cube.ide.mcu.externaltools.gnu-tools-for-stm32.9-2020-q2-update.win32_2.0.0.202105311346/tools/bin/../lib/gcc/arm-none-eabi/9.3.1/../../../../arm-none-eabi/lib/thumb/v7-m/nofp\libc_nano.a(lib_a-strcmp.o)
 .debug_frame   0x0000000000003af0       0x90 d:/app/stm32cubeide_1.7.0/stm32cubeide/plugins/com.st.stm32cube.ide.mcu.externaltools.gnu-tools-for-stm32.9-2020-q2-update.win32_2.0.0.202105311346/tools/bin/../lib/gcc/arm-none-eabi/9.3.1/../../../../arm-none-eabi/lib/thumb/v7-m/nofp\libc_nano.a(lib_a-nano-svfprintf.o)
 .debug_frame   0x0000000000003b80       0x60 d:/app/stm32cubeide_1.7.0/stm32cubeide/plugins/com.st.stm32cube.ide.mcu.externaltools.gnu-tools-for-stm32.9-2020-q2-update.win32_2.0.0.202105311346/tools/bin/../lib/gcc/arm-none-eabi/9.3.1/../../../../arm-none-eabi/lib/thumb/v7-m/nofp\libc_nano.a(lib_a-nano-vfprintf_i.o)
 .debug_frame   0x0000000000003be0       0x28 d:/app/stm32cubeide_1.7.0/stm32cubeide/plugins/com.st.stm32cube.ide.mcu.externaltools.gnu-tools-for-stm32.9-2020-q2-update.win32_2.0.0.202105311346/tools/bin/../lib/gcc/arm-none-eabi/9.3.1/../../../../arm-none-eabi/lib/thumb/v7-m/nofp\libc_nano.a(lib_a-memchr-stub.o)