core_cm3.h:1762:34:__NVIC_SystemReset	4	static,ignoring_inline_asm
stm32f1xx_it.c:72:6:NMI_Handler	4	static
stm32f1xx_it.c:87:6:HardFault_Handler	32	static
stm32f1xx_it.c:107:6:MemManage_Handler	4	static
stm32f1xx_it.c:122:6:BusFault_Handler	4	static
stm32f1xx_it.c:137:6:UsageFault_Handler	4	static
stm32f1xx_it.c:152:6:SVC_Handler	4	static
stm32f1xx_it.c:165:6:DebugMon_Handler	4	static
stm32f1xx_it.c:178:6:PendSV_Handler	4	static
stm32f1xx_it.c:191:6:SysTick_Handler	8	static
stm32f1xx_it.c:212:6:TIM2_IRQHandler	8	static
stm32f1xx_it.c:226:6:I2C1_EV_IRQHandler	8	static
